2025-07-17 00:29:52 [INFO] CalibrationManager:scan_calibration_files:558 - 掃描標定檔案目錄: c:\Users\user\Documents\GitHub\DobotDR\LOG\Automation\CCD1
2025-07-17 00:29:52 [INFO] CalibrationManager:scan_calibration_files:569 - 發現 14 個檔案，其中 3 個NPY檔案
2025-07-17 00:29:52 [INFO] CalibrationManager:scan_calibration_files:596 - 掃描結果:
2025-07-17 00:29:52 [INFO] CalibrationManager:scan_calibration_files:597 - 相機矩陣檔案: 1個 - ['camera_matrix_DR.npy']
2025-07-17 00:29:52 [INFO] CalibrationManager:scan_calibration_files:598 - 畸變係數檔案: 1個 - ['dist_coeffs_DR.npy']
2025-07-17 00:29:52 [INFO] CalibrationManager:scan_calibration_files:599 - 外參檔案: 1個 - ['extrinsic_DR3.npy']
2025-07-17 00:29:52 [INFO] CalibrationManager:scan_calibration_files:600 - 未知檔案: 0個 - []
2025-07-17 00:29:52 [INFO] CalibrationManager:scan_calibration_files:558 - 掃描標定檔案目錄: c:\Users\user\Documents\GitHub\DobotDR\LOG\Automation\CCD1
2025-07-17 00:29:52 [INFO] CalibrationManager:scan_calibration_files:569 - 發現 14 個檔案，其中 3 個NPY檔案
2025-07-17 00:29:52 [INFO] CalibrationManager:scan_calibration_files:596 - 掃描結果:
2025-07-17 00:29:52 [INFO] CalibrationManager:scan_calibration_files:597 - 相機矩陣檔案: 1個 - ['camera_matrix_DR.npy']
2025-07-17 00:29:52 [INFO] CalibrationManager:scan_calibration_files:598 - 畸變係數檔案: 1個 - ['dist_coeffs_DR.npy']
2025-07-17 00:29:52 [INFO] CalibrationManager:scan_calibration_files:599 - 外參檔案: 1個 - ['extrinsic_DR3.npy']
2025-07-17 00:29:52 [INFO] CalibrationManager:scan_calibration_files:600 - 未知檔案: 0個 - []
2025-07-17 00:29:52 [INFO] CalibrationManager:load_calibration_data:723 - 載入標定數據:
2025-07-17 00:29:52 [INFO] CalibrationManager:load_calibration_data:724 - 相機矩陣: camera_matrix_DR.npy
2025-07-17 00:29:52 [INFO] CalibrationManager:load_calibration_data:725 - 畸變係數: dist_coeffs_DR.npy
2025-07-17 00:29:52 [INFO] CalibrationManager:load_calibration_data:726 - 外參數據: extrinsic_DR3.npy
2025-07-17 00:29:52 [INFO] CalibrationManager:load_calibration_data:745 - 載入3x3相機矩陣數組
2025-07-17 00:29:52 [INFO] CalibrationManager:load_calibration_data:763 - 載入畸變係數: (1, 5)
2025-07-17 00:29:52 [INFO] CalibrationManager:load_calibration_data:789 - 從字典項目載入外參
2025-07-17 00:29:52 [INFO] CalibrationManager:load_calibration_data:818 - 標定數據載入成功
2025-07-17 00:29:52 [INFO] CalibrationManager:load_calibration_data:819 - 相機矩陣: (3, 3), fx=5861.95, fy=5865.92
2025-07-17 00:29:52 [INFO] CalibrationManager:load_calibration_data:820 - 畸變係數: (1, 5), 非零個數: 5
2025-07-17 00:29:52 [INFO] CalibrationManager:load_calibration_data:821 - 旋轉向量: (3, 1), 範圍: [-2.215, 0.056]
2025-07-17 00:29:52 [INFO] CalibrationManager:load_calibration_data:822 - 平移向量: (3, 1), 範圍: [-290.039, 573.339]
2025-07-17 00:35:31 [INFO] CalibrationManager:scan_calibration_files:558 - 掃描標定檔案目錄: c:\Users\user\Documents\GitHub\DobotDR\LOG\Automation\CCD1
2025-07-17 00:35:31 [INFO] CalibrationManager:scan_calibration_files:569 - 發現 14 個檔案，其中 3 個NPY檔案
2025-07-17 00:35:31 [INFO] CalibrationManager:scan_calibration_files:596 - 掃描結果:
2025-07-17 00:35:31 [INFO] CalibrationManager:scan_calibration_files:597 - 相機矩陣檔案: 1個 - ['camera_matrix_DR.npy']
2025-07-17 00:35:31 [INFO] CalibrationManager:scan_calibration_files:598 - 畸變係數檔案: 1個 - ['dist_coeffs_DR.npy']
2025-07-17 00:35:31 [INFO] CalibrationManager:scan_calibration_files:599 - 外參檔案: 1個 - ['extrinsic_DR3.npy']
2025-07-17 00:35:31 [INFO] CalibrationManager:scan_calibration_files:600 - 未知檔案: 0個 - []
2025-07-17 00:35:31 [INFO] CalibrationManager:scan_calibration_files:558 - 掃描標定檔案目錄: c:\Users\user\Documents\GitHub\DobotDR\LOG\Automation\CCD1
2025-07-17 00:35:31 [INFO] CalibrationManager:scan_calibration_files:569 - 發現 14 個檔案，其中 3 個NPY檔案
2025-07-17 00:35:31 [INFO] CalibrationManager:scan_calibration_files:596 - 掃描結果:
2025-07-17 00:35:31 [INFO] CalibrationManager:scan_calibration_files:597 - 相機矩陣檔案: 1個 - ['camera_matrix_DR.npy']
2025-07-17 00:35:31 [INFO] CalibrationManager:scan_calibration_files:598 - 畸變係數檔案: 1個 - ['dist_coeffs_DR.npy']
2025-07-17 00:35:31 [INFO] CalibrationManager:scan_calibration_files:599 - 外參檔案: 1個 - ['extrinsic_DR3.npy']
2025-07-17 00:35:31 [INFO] CalibrationManager:scan_calibration_files:600 - 未知檔案: 0個 - []
2025-07-17 00:35:31 [INFO] CalibrationManager:load_calibration_data:723 - 載入標定數據:
2025-07-17 00:35:31 [INFO] CalibrationManager:load_calibration_data:724 - 相機矩陣: camera_matrix_DR.npy
2025-07-17 00:35:31 [INFO] CalibrationManager:load_calibration_data:725 - 畸變係數: dist_coeffs_DR.npy
2025-07-17 00:35:31 [INFO] CalibrationManager:load_calibration_data:726 - 外參數據: extrinsic_DR3.npy
2025-07-17 00:35:31 [INFO] CalibrationManager:load_calibration_data:745 - 載入3x3相機矩陣數組
2025-07-17 00:35:31 [INFO] CalibrationManager:load_calibration_data:763 - 載入畸變係數: (1, 5)
2025-07-17 00:35:31 [INFO] CalibrationManager:load_calibration_data:789 - 從字典項目載入外參
2025-07-17 00:35:31 [INFO] CalibrationManager:load_calibration_data:818 - 標定數據載入成功
2025-07-17 00:35:31 [INFO] CalibrationManager:load_calibration_data:819 - 相機矩陣: (3, 3), fx=5861.95, fy=5865.92
2025-07-17 00:35:31 [INFO] CalibrationManager:load_calibration_data:820 - 畸變係數: (1, 5), 非零個數: 5
2025-07-17 00:35:31 [INFO] CalibrationManager:load_calibration_data:821 - 旋轉向量: (3, 1), 範圍: [-2.215, 0.056]
2025-07-17 00:35:31 [INFO] CalibrationManager:load_calibration_data:822 - 平移向量: (3, 1), 範圍: [-290.039, 573.339]
2025-07-17 00:39:09 [INFO] CalibrationManager:scan_calibration_files:558 - 掃描標定檔案目錄: c:\Users\user\Documents\GitHub\DobotDR\LOG\Automation\CCD1
2025-07-17 00:39:09 [INFO] CalibrationManager:scan_calibration_files:569 - 發現 14 個檔案，其中 3 個NPY檔案
2025-07-17 00:39:09 [INFO] CalibrationManager:scan_calibration_files:596 - 掃描結果:
2025-07-17 00:39:09 [INFO] CalibrationManager:scan_calibration_files:597 - 相機矩陣檔案: 1個 - ['camera_matrix_DR.npy']
2025-07-17 00:39:09 [INFO] CalibrationManager:scan_calibration_files:598 - 畸變係數檔案: 1個 - ['dist_coeffs_DR.npy']
2025-07-17 00:39:09 [INFO] CalibrationManager:scan_calibration_files:599 - 外參檔案: 1個 - ['extrinsic_DR3.npy']
2025-07-17 00:39:09 [INFO] CalibrationManager:scan_calibration_files:600 - 未知檔案: 0個 - []
2025-07-17 00:39:09 [INFO] CalibrationManager:scan_calibration_files:558 - 掃描標定檔案目錄: c:\Users\user\Documents\GitHub\DobotDR\LOG\Automation\CCD1
2025-07-17 00:39:09 [INFO] CalibrationManager:scan_calibration_files:569 - 發現 14 個檔案，其中 3 個NPY檔案
2025-07-17 00:39:09 [INFO] CalibrationManager:scan_calibration_files:596 - 掃描結果:
2025-07-17 00:39:09 [INFO] CalibrationManager:scan_calibration_files:597 - 相機矩陣檔案: 1個 - ['camera_matrix_DR.npy']
2025-07-17 00:39:09 [INFO] CalibrationManager:scan_calibration_files:598 - 畸變係數檔案: 1個 - ['dist_coeffs_DR.npy']
2025-07-17 00:39:09 [INFO] CalibrationManager:scan_calibration_files:599 - 外參檔案: 1個 - ['extrinsic_DR3.npy']
2025-07-17 00:39:09 [INFO] CalibrationManager:scan_calibration_files:600 - 未知檔案: 0個 - []
2025-07-17 00:39:09 [INFO] CalibrationManager:load_calibration_data:723 - 載入標定數據:
2025-07-17 00:39:09 [INFO] CalibrationManager:load_calibration_data:724 - 相機矩陣: camera_matrix_DR.npy
2025-07-17 00:39:09 [INFO] CalibrationManager:load_calibration_data:725 - 畸變係數: dist_coeffs_DR.npy
2025-07-17 00:39:09 [INFO] CalibrationManager:load_calibration_data:726 - 外參數據: extrinsic_DR3.npy
2025-07-17 00:39:09 [INFO] CalibrationManager:load_calibration_data:745 - 載入3x3相機矩陣數組
2025-07-17 00:39:09 [INFO] CalibrationManager:load_calibration_data:763 - 載入畸變係數: (1, 5)
2025-07-17 00:39:09 [INFO] CalibrationManager:load_calibration_data:789 - 從字典項目載入外參
2025-07-17 00:39:09 [INFO] CalibrationManager:load_calibration_data:818 - 標定數據載入成功
2025-07-17 00:39:09 [INFO] CalibrationManager:load_calibration_data:819 - 相機矩陣: (3, 3), fx=5861.95, fy=5865.92
2025-07-17 00:39:09 [INFO] CalibrationManager:load_calibration_data:820 - 畸變係數: (1, 5), 非零個數: 5
2025-07-17 00:39:09 [INFO] CalibrationManager:load_calibration_data:821 - 旋轉向量: (3, 1), 範圍: [-2.215, 0.056]
2025-07-17 00:39:09 [INFO] CalibrationManager:load_calibration_data:822 - 平移向量: (3, 1), 範圍: [-290.039, 573.339]
2025-07-17 00:46:07 [INFO] CalibrationManager:scan_calibration_files:558 - 掃描標定檔案目錄: c:\Users\user\Documents\GitHub\DobotDR\LOG\Automation\CCD1
2025-07-17 00:46:07 [INFO] CalibrationManager:scan_calibration_files:569 - 發現 14 個檔案，其中 3 個NPY檔案
2025-07-17 00:46:07 [INFO] CalibrationManager:scan_calibration_files:596 - 掃描結果:
2025-07-17 00:46:07 [INFO] CalibrationManager:scan_calibration_files:597 - 相機矩陣檔案: 1個 - ['camera_matrix_DR.npy']
2025-07-17 00:46:07 [INFO] CalibrationManager:scan_calibration_files:598 - 畸變係數檔案: 1個 - ['dist_coeffs_DR.npy']
2025-07-17 00:46:07 [INFO] CalibrationManager:scan_calibration_files:599 - 外參檔案: 1個 - ['extrinsic_DR3.npy']
2025-07-17 00:46:07 [INFO] CalibrationManager:scan_calibration_files:600 - 未知檔案: 0個 - []
2025-07-17 00:46:07 [INFO] CalibrationManager:scan_calibration_files:558 - 掃描標定檔案目錄: c:\Users\user\Documents\GitHub\DobotDR\LOG\Automation\CCD1
2025-07-17 00:46:07 [INFO] CalibrationManager:scan_calibration_files:569 - 發現 14 個檔案，其中 3 個NPY檔案
2025-07-17 00:46:07 [INFO] CalibrationManager:scan_calibration_files:596 - 掃描結果:
2025-07-17 00:46:07 [INFO] CalibrationManager:scan_calibration_files:597 - 相機矩陣檔案: 1個 - ['camera_matrix_DR.npy']
2025-07-17 00:46:07 [INFO] CalibrationManager:scan_calibration_files:598 - 畸變係數檔案: 1個 - ['dist_coeffs_DR.npy']
2025-07-17 00:46:07 [INFO] CalibrationManager:scan_calibration_files:599 - 外參檔案: 1個 - ['extrinsic_DR3.npy']
2025-07-17 00:46:07 [INFO] CalibrationManager:scan_calibration_files:600 - 未知檔案: 0個 - []
2025-07-17 00:46:07 [INFO] CalibrationManager:load_calibration_data:723 - 載入標定數據:
2025-07-17 00:46:07 [INFO] CalibrationManager:load_calibration_data:724 - 相機矩陣: camera_matrix_DR.npy
2025-07-17 00:46:07 [INFO] CalibrationManager:load_calibration_data:725 - 畸變係數: dist_coeffs_DR.npy
2025-07-17 00:46:07 [INFO] CalibrationManager:load_calibration_data:726 - 外參數據: extrinsic_DR3.npy
2025-07-17 00:46:07 [INFO] CalibrationManager:load_calibration_data:745 - 載入3x3相機矩陣數組
2025-07-17 00:46:07 [INFO] CalibrationManager:load_calibration_data:763 - 載入畸變係數: (1, 5)
2025-07-17 00:46:07 [INFO] CalibrationManager:load_calibration_data:789 - 從字典項目載入外參
2025-07-17 00:46:07 [INFO] CalibrationManager:load_calibration_data:818 - 標定數據載入成功
2025-07-17 00:46:07 [INFO] CalibrationManager:load_calibration_data:819 - 相機矩陣: (3, 3), fx=5861.95, fy=5865.92
2025-07-17 00:46:07 [INFO] CalibrationManager:load_calibration_data:820 - 畸變係數: (1, 5), 非零個數: 5
2025-07-17 00:46:07 [INFO] CalibrationManager:load_calibration_data:821 - 旋轉向量: (3, 1), 範圍: [-2.215, 0.056]
2025-07-17 00:46:07 [INFO] CalibrationManager:load_calibration_data:822 - 平移向量: (3, 1), 範圍: [-290.039, 573.339]
