2025-07-17 00:53:21 [INFO] Main:main:885 - === DR AutoFeeding獨立模組啟動 ===
2025-07-17 00:53:21 [INFO] Main:main:886 - 基地址範圍: 900-999
2025-07-17 00:53:21 [INFO] Main:main:887 - 主要功能:
2025-07-17 00:53:21 [INFO] Main:main:888 -   ✓ 監控當前執行Flow地址(1201)
2025-07-17 00:53:21 [INFO] Main:main:889 -   ✓ 當1201=1時暫停自動進料程序
2025-07-17 00:53:21 [INFO] Main:main:890 -   ✓ 持續檢測保持DR_F可用
2025-07-17 00:53:21 [INFO] Main:main:891 -   ✓ 簡化交握邏輯
2025-07-17 00:53:21 [INFO] Main:main:892 -   ✓ Flow1直接讀取座標(940-944)
2025-07-17 00:53:21 [INFO] Main:main:893 -   ✓ 自動啟動檢測
2025-07-17 00:53:21 [INFO] Main:main:894 -   ✓ DR保護區域: X(-112~-4mm), Y(243~339.21mm)
2025-07-17 00:53:21 [INFO] Main:main:895 - 
2025-07-17 00:53:21 [INFO] Main:main:896 - *** 重要提醒 ***
2025-07-17 00:53:21 [INFO] Main:main:897 - 請確保以下模組已啟動:
2025-07-17 00:53:21 [INFO] Main:main:898 -   1. 主Modbus TCP Server (端口502)
2025-07-17 00:53:21 [INFO] Main:main:899 -   2. CCD1視覺檢測模組 (CCD1VisionCodeYOLO.py)
2025-07-17 00:53:21 [INFO] Main:main:900 -   3. VP震動盤模組
2025-07-17 00:53:21 [INFO] Main:main:901 -   4. 然後啟動本AutoFeeding模組
2025-07-17 00:53:21 [INFO] Main:main:902 - 
2025-07-17 00:53:26 [INFO] Main:main:920 - 程序已退出
2025-07-17 00:53:44 [INFO] Main:main:886 - === DR AutoFeeding獨立模組啟動 ===
2025-07-17 00:53:44 [INFO] Main:main:887 - 基地址範圍: 900-999
2025-07-17 00:53:44 [INFO] Main:main:888 - 主要功能:
2025-07-17 00:53:44 [INFO] Main:main:889 -   ✓ 監控當前執行Flow地址(1201)
2025-07-17 00:53:44 [INFO] Main:main:890 -   ✓ 當1201=1時暫停自動進料程序
2025-07-17 00:53:44 [INFO] Main:main:891 -   ✓ 持續檢測保持DR_F可用
2025-07-17 00:53:44 [INFO] Main:main:892 -   ✓ 簡化交握邏輯
2025-07-17 00:53:44 [INFO] Main:main:893 -   ✓ Flow1直接讀取座標(940-944)
2025-07-17 00:53:44 [INFO] Main:main:894 -   ✓ 自動啟動檢測
2025-07-17 00:53:44 [INFO] Main:main:895 -   ✓ DR保護區域: X(-112~-4mm), Y(243~339.21mm)
2025-07-17 00:53:44 [INFO] Main:main:896 - 
2025-07-17 00:53:44 [INFO] Main:main:897 - *** 重要提醒 ***
2025-07-17 00:53:44 [INFO] Main:main:898 - 請確保以下模組已啟動:
2025-07-17 00:53:44 [INFO] Main:main:899 -   1. 主Modbus TCP Server (端口502)
2025-07-17 00:53:44 [INFO] Main:main:900 -   2. CCD1視覺檢測模組 (CCD1VisionCodeYOLO.py)
2025-07-17 00:53:44 [INFO] Main:main:901 -   3. VP震動盤模組
2025-07-17 00:53:44 [INFO] Main:main:902 -   4. 然後啟動本AutoFeeding模組
2025-07-17 00:53:44 [INFO] Main:main:903 - 
2025-07-17 10:04:50 [INFO] Main:main:921 - 程序已退出
