2025-07-17 00:28:54 [INFO] LED_Controller:load_config:138 - 已載入配置檔案: c:\Users\user\Documents\GitHub\DobotDR\LOG\Automation\light\led_config.json
2025-07-17 00:28:54 [INFO] LED_Controller:init_register_mapping:185 - 寄存器映射初始化完成 - 基地址: 600
2025-07-17 00:28:54 [INFO] LED_Controller:init_register_mapping:186 - LED控制器模組寄存器映射:
2025-07-17 00:28:54 [INFO] LED_Controller:init_register_mapping:187 -   基地址: 600
2025-07-17 00:28:54 [INFO] LED_Controller:init_register_mapping:188 -   狀態寄存器: 600 ~ 615
2025-07-17 00:28:54 [INFO] LED_Controller:init_register_mapping:189 -   指令寄存器: 620 ~ 624
2025-07-17 00:28:54 [INFO] LED_Controller:init_register_mapping:190 -   指令映射:
2025-07-17 00:28:54 [INFO] LED_Controller:init_register_mapping:191 -     0: NOP (無操作)
2025-07-17 00:28:54 [INFO] LED_Controller:init_register_mapping:192 -     1: 全部開啟
2025-07-17 00:28:54 [INFO] LED_Controller:init_register_mapping:193 -     2: 全部關閉
2025-07-17 00:28:54 [INFO] LED_Controller:init_register_mapping:194 -     3: 重置設備
2025-07-17 00:28:54 [INFO] LED_Controller:init_register_mapping:195 -     4: 設定單一通道亮度 (param1=通道1-4, param2=亮度0-511)
2025-07-17 00:28:54 [INFO] LED_Controller:init_register_mapping:196 -     5: 開啟單一通道 (param1=通道1-4)
2025-07-17 00:28:54 [INFO] LED_Controller:init_register_mapping:197 -     6: 關閉單一通道 (param1=通道1-4)
2025-07-17 00:28:54 [INFO] LED_Controller:init_register_mapping:198 -     7: 錯誤重置
2025-07-17 00:28:54 [INFO] LED_Controller:__init__:98 - LED控制器模組初始化完成
2025-07-17 00:28:54 [INFO] LED_Controller:connect_main_server:207 - 正在連接主服務器 127.0.0.1:502
2025-07-17 00:28:54 [INFO] LED_Controller:connect_main_server:218 - 連接到主服務器成功: 127.0.0.1:502
2025-07-17 00:28:54 [INFO] LED_Controller:init_status_registers:308 - 狀態寄存器初始化完成
2025-07-17 00:28:54 [INFO] LED_Controller:connect_serial_device:239 - 正在連接LED控制器 COM4
2025-07-17 00:28:54 [INFO] LED_Controller:connect_serial_device:252 - 連接到LED控制器成功: COM4
2025-07-17 00:28:54 [DEBUG] LED_Controller:send_serial_command:287 - 發送: VERSION? | 回應: FW Version:S00E00
2025-07-17 00:28:54 [INFO] LED_Controller:connect_serial_device:257 - LED控制器通訊測試成功
2025-07-17 00:28:54 [INFO] LED_Controller:main_loop:551 - 主循環執行緒已啟動
2025-07-17 00:28:54 [INFO] LED_Controller:start:606 - LED控制器模組啟動成功
2025-07-17 00:29:49 [INFO] LED_Controller:update_status_registers:496 - 模組統計 - 運行時間: 54秒, 操作計數: 1, 錯誤計數: 0, 連接次數: 1
2025-07-17 00:30:42 [INFO] LED_Controller:update_status_registers:496 - 模組統計 - 運行時間: 108秒, 操作計數: 1, 錯誤計數: 0, 連接次數: 1
2025-07-17 00:31:37 [INFO] LED_Controller:update_status_registers:496 - 模組統計 - 運行時間: 163秒, 操作計數: 1, 錯誤計數: 0, 連接次數: 1
2025-07-17 00:32:33 [INFO] LED_Controller:update_status_registers:496 - 模組統計 - 運行時間: 218秒, 操作計數: 1, 錯誤計數: 0, 連接次數: 1
2025-07-17 00:33:28 [INFO] LED_Controller:update_status_registers:496 - 模組統計 - 運行時間: 273秒, 操作計數: 1, 錯誤計數: 0, 連接次數: 1
2025-07-17 00:34:24 [INFO] LED_Controller:update_status_registers:496 - 模組統計 - 運行時間: 329秒, 操作計數: 1, 錯誤計數: 0, 連接次數: 1
2025-07-17 00:35:19 [INFO] LED_Controller:update_status_registers:496 - 模組統計 - 運行時間: 384秒, 操作計數: 1, 錯誤計數: 0, 連接次數: 1
2025-07-17 00:36:13 [INFO] LED_Controller:update_status_registers:496 - 模組統計 - 運行時間: 438秒, 操作計數: 1, 錯誤計數: 0, 連接次數: 1
2025-07-17 00:37:09 [INFO] LED_Controller:update_status_registers:496 - 模組統計 - 運行時間: 494秒, 操作計數: 1, 錯誤計數: 0, 連接次數: 1
2025-07-17 00:38:03 [INFO] LED_Controller:update_status_registers:496 - 模組統計 - 運行時間: 548秒, 操作計數: 1, 錯誤計數: 0, 連接次數: 1
2025-07-17 00:38:57 [INFO] LED_Controller:update_status_registers:496 - 模組統計 - 運行時間: 602秒, 操作計數: 1, 錯誤計數: 0, 連接次數: 1
2025-07-17 00:39:51 [INFO] LED_Controller:update_status_registers:496 - 模組統計 - 運行時間: 656秒, 操作計數: 1, 錯誤計數: 0, 連接次數: 1
2025-07-17 00:40:45 [INFO] LED_Controller:update_status_registers:496 - 模組統計 - 運行時間: 710秒, 操作計數: 1, 錯誤計數: 0, 連接次數: 1
2025-07-17 00:41:39 [INFO] LED_Controller:update_status_registers:496 - 模組統計 - 運行時間: 764秒, 操作計數: 1, 錯誤計數: 0, 連接次數: 1
2025-07-17 00:42:33 [INFO] LED_Controller:update_status_registers:496 - 模組統計 - 運行時間: 818秒, 操作計數: 1, 錯誤計數: 0, 連接次數: 1
2025-07-17 00:43:27 [INFO] LED_Controller:update_status_registers:496 - 模組統計 - 運行時間: 873秒, 操作計數: 1, 錯誤計數: 0, 連接次數: 1
2025-07-17 00:44:22 [INFO] LED_Controller:update_status_registers:496 - 模組統計 - 運行時間: 927秒, 操作計數: 1, 錯誤計數: 0, 連接次數: 1
2025-07-17 00:45:16 [INFO] LED_Controller:update_status_registers:496 - 模組統計 - 運行時間: 981秒, 操作計數: 1, 錯誤計數: 0, 連接次數: 1
2025-07-17 00:46:10 [INFO] LED_Controller:update_status_registers:496 - 模組統計 - 運行時間: 1035秒, 操作計數: 1, 錯誤計數: 0, 連接次數: 1
2025-07-17 00:47:04 [INFO] LED_Controller:update_status_registers:496 - 模組統計 - 運行時間: 1089秒, 操作計數: 1, 錯誤計數: 0, 連接次數: 1
2025-07-17 00:47:58 [INFO] LED_Controller:update_status_registers:496 - 模組統計 - 運行時間: 1143秒, 操作計數: 1, 錯誤計數: 0, 連接次數: 1
2025-07-17 00:48:52 [INFO] LED_Controller:update_status_registers:496 - 模組統計 - 運行時間: 1197秒, 操作計數: 1, 錯誤計數: 0, 連接次數: 1
2025-07-17 00:49:45 [INFO] LED_Controller:update_status_registers:496 - 模組統計 - 運行時間: 1251秒, 操作計數: 1, 錯誤計數: 0, 連接次數: 1
2025-07-17 00:50:39 [INFO] LED_Controller:update_status_registers:496 - 模組統計 - 運行時間: 1305秒, 操作計數: 1, 錯誤計數: 0, 連接次數: 1
2025-07-17 00:51:33 [INFO] LED_Controller:update_status_registers:496 - 模組統計 - 運行時間: 1359秒, 操作計數: 1, 錯誤計數: 0, 連接次數: 1
2025-07-17 00:52:27 [INFO] LED_Controller:update_status_registers:496 - 模組統計 - 運行時間: 1412秒, 操作計數: 1, 錯誤計數: 0, 連接次數: 1
2025-07-17 00:53:20 [INFO] LED_Controller:update_status_registers:496 - 模組統計 - 運行時間: 1466秒, 操作計數: 1, 錯誤計數: 0, 連接次數: 1
2025-07-17 00:54:14 [INFO] LED_Controller:update_status_registers:496 - 模組統計 - 運行時間: 1519秒, 操作計數: 1, 錯誤計數: 0, 連接次數: 1
2025-07-17 00:55:08 [INFO] LED_Controller:update_status_registers:496 - 模組統計 - 運行時間: 1573秒, 操作計數: 1, 錯誤計數: 0, 連接次數: 1
2025-07-17 00:56:02 [INFO] LED_Controller:update_status_registers:496 - 模組統計 - 運行時間: 1627秒, 操作計數: 1, 錯誤計數: 0, 連接次數: 1
2025-07-17 00:56:57 [INFO] LED_Controller:update_status_registers:496 - 模組統計 - 運行時間: 1682秒, 操作計數: 1, 錯誤計數: 0, 連接次數: 1
2025-07-17 00:57:52 [INFO] LED_Controller:update_status_registers:496 - 模組統計 - 運行時間: 1737秒, 操作計數: 1, 錯誤計數: 0, 連接次數: 1
2025-07-17 00:58:46 [INFO] LED_Controller:update_status_registers:496 - 模組統計 - 運行時間: 1792秒, 操作計數: 1, 錯誤計數: 0, 連接次數: 1
2025-07-17 00:59:41 [INFO] LED_Controller:update_status_registers:496 - 模組統計 - 運行時間: 1847秒, 操作計數: 1, 錯誤計數: 0, 連接次數: 1
2025-07-17 01:00:36 [INFO] LED_Controller:update_status_registers:496 - 模組統計 - 運行時間: 1902秒, 操作計數: 1, 錯誤計數: 0, 連接次數: 1
2025-07-17 01:01:32 [INFO] LED_Controller:update_status_registers:496 - 模組統計 - 運行時間: 1957秒, 操作計數: 1, 錯誤計數: 0, 連接次數: 1
2025-07-17 01:02:27 [INFO] LED_Controller:update_status_registers:496 - 模組統計 - 運行時間: 2012秒, 操作計數: 1, 錯誤計數: 0, 連接次數: 1
2025-07-17 01:03:21 [INFO] LED_Controller:update_status_registers:496 - 模組統計 - 運行時間: 2067秒, 操作計數: 1, 錯誤計數: 0, 連接次數: 1
2025-07-17 01:04:16 [INFO] LED_Controller:update_status_registers:496 - 模組統計 - 運行時間: 2121秒, 操作計數: 1, 錯誤計數: 0, 連接次數: 1
2025-07-17 01:05:09 [INFO] LED_Controller:update_status_registers:496 - 模組統計 - 運行時間: 2175秒, 操作計數: 1, 錯誤計數: 0, 連接次數: 1
2025-07-17 01:06:03 [INFO] LED_Controller:update_status_registers:496 - 模組統計 - 運行時間: 2228秒, 操作計數: 1, 錯誤計數: 0, 連接次數: 1
2025-07-17 01:06:57 [INFO] LED_Controller:update_status_registers:496 - 模組統計 - 運行時間: 2283秒, 操作計數: 1, 錯誤計數: 0, 連接次數: 1
2025-07-17 01:07:52 [INFO] LED_Controller:update_status_registers:496 - 模組統計 - 運行時間: 2337秒, 操作計數: 1, 錯誤計數: 0, 連接次數: 1
2025-07-17 01:08:46 [INFO] LED_Controller:update_status_registers:496 - 模組統計 - 運行時間: 2392秒, 操作計數: 1, 錯誤計數: 0, 連接次數: 1
2025-07-17 01:09:41 [INFO] LED_Controller:update_status_registers:496 - 模組統計 - 運行時間: 2446秒, 操作計數: 1, 錯誤計數: 0, 連接次數: 1
2025-07-17 01:10:35 [INFO] LED_Controller:update_status_registers:496 - 模組統計 - 運行時間: 2500秒, 操作計數: 1, 錯誤計數: 0, 連接次數: 1
2025-07-17 01:11:29 [INFO] LED_Controller:update_status_registers:496 - 模組統計 - 運行時間: 2555秒, 操作計數: 1, 錯誤計數: 0, 連接次數: 1
2025-07-17 01:12:24 [INFO] LED_Controller:update_status_registers:496 - 模組統計 - 運行時間: 2609秒, 操作計數: 1, 錯誤計數: 0, 連接次數: 1
2025-07-17 01:13:18 [INFO] LED_Controller:update_status_registers:496 - 模組統計 - 運行時間: 2663秒, 操作計數: 1, 錯誤計數: 0, 連接次數: 1
2025-07-17 01:14:12 [INFO] LED_Controller:update_status_registers:496 - 模組統計 - 運行時間: 2718秒, 操作計數: 1, 錯誤計數: 0, 連接次數: 1
2025-07-17 01:15:07 [INFO] LED_Controller:update_status_registers:496 - 模組統計 - 運行時間: 2772秒, 操作計數: 1, 錯誤計數: 0, 連接次數: 1
2025-07-17 01:16:01 [INFO] LED_Controller:update_status_registers:496 - 模組統計 - 運行時間: 2826秒, 操作計數: 1, 錯誤計數: 0, 連接次數: 1
2025-07-17 01:16:55 [INFO] LED_Controller:update_status_registers:496 - 模組統計 - 運行時間: 2881秒, 操作計數: 1, 錯誤計數: 0, 連接次數: 1
2025-07-17 01:17:50 [INFO] LED_Controller:update_status_registers:496 - 模組統計 - 運行時間: 2935秒, 操作計數: 1, 錯誤計數: 0, 連接次數: 1
2025-07-17 01:18:44 [INFO] LED_Controller:update_status_registers:496 - 模組統計 - 運行時間: 2989秒, 操作計數: 1, 錯誤計數: 0, 連接次數: 1
2025-07-17 01:19:38 [INFO] LED_Controller:update_status_registers:496 - 模組統計 - 運行時間: 3044秒, 操作計數: 1, 錯誤計數: 0, 連接次數: 1
2025-07-17 01:20:33 [INFO] LED_Controller:update_status_registers:496 - 模組統計 - 運行時間: 3098秒, 操作計數: 1, 錯誤計數: 0, 連接次數: 1
2025-07-17 01:21:27 [INFO] LED_Controller:update_status_registers:496 - 模組統計 - 運行時間: 3152秒, 操作計數: 1, 錯誤計數: 0, 連接次數: 1
2025-07-17 01:22:22 [INFO] LED_Controller:update_status_registers:496 - 模組統計 - 運行時間: 3207秒, 操作計數: 1, 錯誤計數: 0, 連接次數: 1
2025-07-17 01:23:16 [INFO] LED_Controller:update_status_registers:496 - 模組統計 - 運行時間: 3261秒, 操作計數: 1, 錯誤計數: 0, 連接次數: 1
2025-07-17 01:24:10 [INFO] LED_Controller:update_status_registers:496 - 模組統計 - 運行時間: 3316秒, 操作計數: 1, 錯誤計數: 0, 連接次數: 1
2025-07-17 01:25:05 [INFO] LED_Controller:update_status_registers:496 - 模組統計 - 運行時間: 3370秒, 操作計數: 1, 錯誤計數: 0, 連接次數: 1
2025-07-17 01:25:59 [INFO] LED_Controller:update_status_registers:496 - 模組統計 - 運行時間: 3424秒, 操作計數: 1, 錯誤計數: 0, 連接次數: 1
2025-07-17 01:26:53 [INFO] LED_Controller:update_status_registers:496 - 模組統計 - 運行時間: 3479秒, 操作計數: 1, 錯誤計數: 0, 連接次數: 1
2025-07-17 01:27:48 [INFO] LED_Controller:update_status_registers:496 - 模組統計 - 運行時間: 3533秒, 操作計數: 1, 錯誤計數: 0, 連接次數: 1
2025-07-17 01:28:42 [INFO] LED_Controller:update_status_registers:496 - 模組統計 - 運行時間: 3587秒, 操作計數: 1, 錯誤計數: 0, 連接次數: 1
2025-07-17 01:29:37 [INFO] LED_Controller:update_status_registers:496 - 模組統計 - 運行時間: 3642秒, 操作計數: 1, 錯誤計數: 0, 連接次數: 1
2025-07-17 01:30:31 [INFO] LED_Controller:update_status_registers:496 - 模組統計 - 運行時間: 3696秒, 操作計數: 1, 錯誤計數: 0, 連接次數: 1
2025-07-17 01:31:25 [INFO] LED_Controller:update_status_registers:496 - 模組統計 - 運行時間: 3751秒, 操作計數: 1, 錯誤計數: 0, 連接次數: 1
2025-07-17 01:32:20 [INFO] LED_Controller:update_status_registers:496 - 模組統計 - 運行時間: 3805秒, 操作計數: 1, 錯誤計數: 0, 連接次數: 1
2025-07-17 01:33:14 [INFO] LED_Controller:update_status_registers:496 - 模組統計 - 運行時間: 3859秒, 操作計數: 1, 錯誤計數: 0, 連接次數: 1
2025-07-17 01:34:08 [INFO] LED_Controller:update_status_registers:496 - 模組統計 - 運行時間: 3914秒, 操作計數: 1, 錯誤計數: 0, 連接次數: 1
2025-07-17 01:35:03 [INFO] LED_Controller:update_status_registers:496 - 模組統計 - 運行時間: 3968秒, 操作計數: 1, 錯誤計數: 0, 連接次數: 1
2025-07-17 01:35:57 [INFO] LED_Controller:update_status_registers:496 - 模組統計 - 運行時間: 4022秒, 操作計數: 1, 錯誤計數: 0, 連接次數: 1
2025-07-17 01:36:51 [INFO] LED_Controller:update_status_registers:496 - 模組統計 - 運行時間: 4077秒, 操作計數: 1, 錯誤計數: 0, 連接次數: 1
2025-07-17 01:37:46 [INFO] LED_Controller:update_status_registers:496 - 模組統計 - 運行時間: 4131秒, 操作計數: 1, 錯誤計數: 0, 連接次數: 1
2025-07-17 01:38:40 [INFO] LED_Controller:update_status_registers:496 - 模組統計 - 運行時間: 4185秒, 操作計數: 1, 錯誤計數: 0, 連接次數: 1
2025-07-17 01:39:34 [INFO] LED_Controller:update_status_registers:496 - 模組統計 - 運行時間: 4240秒, 操作計數: 1, 錯誤計數: 0, 連接次數: 1
2025-07-17 01:40:29 [INFO] LED_Controller:update_status_registers:496 - 模組統計 - 運行時間: 4294秒, 操作計數: 1, 錯誤計數: 0, 連接次數: 1
2025-07-17 01:41:23 [INFO] LED_Controller:update_status_registers:496 - 模組統計 - 運行時間: 4348秒, 操作計數: 1, 錯誤計數: 0, 連接次數: 1
2025-07-17 01:42:17 [INFO] LED_Controller:update_status_registers:496 - 模組統計 - 運行時間: 4403秒, 操作計數: 1, 錯誤計數: 0, 連接次數: 1
2025-07-17 01:43:12 [INFO] LED_Controller:update_status_registers:496 - 模組統計 - 運行時間: 4457秒, 操作計數: 1, 錯誤計數: 0, 連接次數: 1
2025-07-17 01:44:06 [INFO] LED_Controller:update_status_registers:496 - 模組統計 - 運行時間: 4511秒, 操作計數: 1, 錯誤計數: 0, 連接次數: 1
2025-07-17 01:45:00 [INFO] LED_Controller:update_status_registers:496 - 模組統計 - 運行時間: 4566秒, 操作計數: 1, 錯誤計數: 0, 連接次數: 1
2025-07-17 01:45:55 [INFO] LED_Controller:update_status_registers:496 - 模組統計 - 運行時間: 4620秒, 操作計數: 1, 錯誤計數: 0, 連接次數: 1
2025-07-17 01:46:49 [INFO] LED_Controller:update_status_registers:496 - 模組統計 - 運行時間: 4674秒, 操作計數: 1, 錯誤計數: 0, 連接次數: 1
2025-07-17 01:47:43 [INFO] LED_Controller:update_status_registers:496 - 模組統計 - 運行時間: 4729秒, 操作計數: 1, 錯誤計數: 0, 連接次數: 1
2025-07-17 01:48:38 [INFO] LED_Controller:update_status_registers:496 - 模組統計 - 運行時間: 4783秒, 操作計數: 1, 錯誤計數: 0, 連接次數: 1
2025-07-17 01:49:32 [INFO] LED_Controller:update_status_registers:496 - 模組統計 - 運行時間: 4837秒, 操作計數: 1, 錯誤計數: 0, 連接次數: 1
2025-07-17 01:50:26 [INFO] LED_Controller:update_status_registers:496 - 模組統計 - 運行時間: 4891秒, 操作計數: 1, 錯誤計數: 0, 連接次數: 1
2025-07-17 01:51:21 [INFO] LED_Controller:update_status_registers:496 - 模組統計 - 運行時間: 4946秒, 操作計數: 1, 錯誤計數: 0, 連接次數: 1
2025-07-17 01:52:15 [INFO] LED_Controller:update_status_registers:496 - 模組統計 - 運行時間: 5000秒, 操作計數: 1, 錯誤計數: 0, 連接次數: 1
2025-07-17 01:53:09 [INFO] LED_Controller:update_status_registers:496 - 模組統計 - 運行時間: 5054秒, 操作計數: 1, 錯誤計數: 0, 連接次數: 1
2025-07-17 01:54:03 [INFO] LED_Controller:update_status_registers:496 - 模組統計 - 運行時間: 5109秒, 操作計數: 1, 錯誤計數: 0, 連接次數: 1
2025-07-17 01:54:58 [INFO] LED_Controller:update_status_registers:496 - 模組統計 - 運行時間: 5163秒, 操作計數: 1, 錯誤計數: 0, 連接次數: 1
2025-07-17 01:55:52 [INFO] LED_Controller:update_status_registers:496 - 模組統計 - 運行時間: 5217秒, 操作計數: 1, 錯誤計數: 0, 連接次數: 1
2025-07-17 01:56:46 [INFO] LED_Controller:update_status_registers:496 - 模組統計 - 運行時間: 5272秒, 操作計數: 1, 錯誤計數: 0, 連接次數: 1
2025-07-17 01:57:41 [INFO] LED_Controller:update_status_registers:496 - 模組統計 - 運行時間: 5326秒, 操作計數: 1, 錯誤計數: 0, 連接次數: 1
2025-07-17 01:58:35 [INFO] LED_Controller:update_status_registers:496 - 模組統計 - 運行時間: 5380秒, 操作計數: 1, 錯誤計數: 0, 連接次數: 1
2025-07-17 01:59:29 [INFO] LED_Controller:update_status_registers:496 - 模組統計 - 運行時間: 5435秒, 操作計數: 1, 錯誤計數: 0, 連接次數: 1
2025-07-17 02:00:24 [INFO] LED_Controller:update_status_registers:496 - 模組統計 - 運行時間: 5489秒, 操作計數: 1, 錯誤計數: 0, 連接次數: 1
2025-07-17 02:01:18 [INFO] LED_Controller:update_status_registers:496 - 模組統計 - 運行時間: 5544秒, 操作計數: 1, 錯誤計數: 0, 連接次數: 1
2025-07-17 02:02:13 [INFO] LED_Controller:update_status_registers:496 - 模組統計 - 運行時間: 5598秒, 操作計數: 1, 錯誤計數: 0, 連接次數: 1
2025-07-17 02:03:07 [INFO] LED_Controller:update_status_registers:496 - 模組統計 - 運行時間: 5652秒, 操作計數: 1, 錯誤計數: 0, 連接次數: 1
2025-07-17 02:04:01 [INFO] LED_Controller:update_status_registers:496 - 模組統計 - 運行時間: 5706秒, 操作計數: 1, 錯誤計數: 0, 連接次數: 1
2025-07-17 02:04:55 [INFO] LED_Controller:update_status_registers:496 - 模組統計 - 運行時間: 5761秒, 操作計數: 1, 錯誤計數: 0, 連接次數: 1
2025-07-17 02:05:50 [INFO] LED_Controller:update_status_registers:496 - 模組統計 - 運行時間: 5815秒, 操作計數: 1, 錯誤計數: 0, 連接次數: 1
2025-07-17 02:06:44 [INFO] LED_Controller:update_status_registers:496 - 模組統計 - 運行時間: 5870秒, 操作計數: 1, 錯誤計數: 0, 連接次數: 1
2025-07-17 02:07:39 [INFO] LED_Controller:update_status_registers:496 - 模組統計 - 運行時間: 5924秒, 操作計數: 1, 錯誤計數: 0, 連接次數: 1
2025-07-17 02:08:33 [INFO] LED_Controller:update_status_registers:496 - 模組統計 - 運行時間: 5978秒, 操作計數: 1, 錯誤計數: 0, 連接次數: 1
2025-07-17 02:09:27 [INFO] LED_Controller:update_status_registers:496 - 模組統計 - 運行時間: 6032秒, 操作計數: 1, 錯誤計數: 0, 連接次數: 1
2025-07-17 02:10:21 [INFO] LED_Controller:update_status_registers:496 - 模組統計 - 運行時間: 6087秒, 操作計數: 1, 錯誤計數: 0, 連接次數: 1
2025-07-17 02:11:16 [INFO] LED_Controller:update_status_registers:496 - 模組統計 - 運行時間: 6141秒, 操作計數: 1, 錯誤計數: 0, 連接次數: 1
2025-07-17 02:12:10 [INFO] LED_Controller:update_status_registers:496 - 模組統計 - 運行時間: 6195秒, 操作計數: 1, 錯誤計數: 0, 連接次數: 1
2025-07-17 02:13:04 [INFO] LED_Controller:update_status_registers:496 - 模組統計 - 運行時間: 6250秒, 操作計數: 1, 錯誤計數: 0, 連接次數: 1
2025-07-17 02:13:59 [INFO] LED_Controller:update_status_registers:496 - 模組統計 - 運行時間: 6304秒, 操作計數: 1, 錯誤計數: 0, 連接次數: 1
2025-07-17 02:14:53 [INFO] LED_Controller:update_status_registers:496 - 模組統計 - 運行時間: 6358秒, 操作計數: 1, 錯誤計數: 0, 連接次數: 1
2025-07-17 02:15:47 [INFO] LED_Controller:update_status_registers:496 - 模組統計 - 運行時間: 6412秒, 操作計數: 1, 錯誤計數: 0, 連接次數: 1
2025-07-17 02:16:41 [INFO] LED_Controller:update_status_registers:496 - 模組統計 - 運行時間: 6467秒, 操作計數: 1, 錯誤計數: 0, 連接次數: 1
2025-07-17 02:17:36 [INFO] LED_Controller:update_status_registers:496 - 模組統計 - 運行時間: 6521秒, 操作計數: 1, 錯誤計數: 0, 連接次數: 1
2025-07-17 02:18:30 [INFO] LED_Controller:update_status_registers:496 - 模組統計 - 運行時間: 6575秒, 操作計數: 1, 錯誤計數: 0, 連接次數: 1
2025-07-17 02:19:24 [INFO] LED_Controller:update_status_registers:496 - 模組統計 - 運行時間: 6630秒, 操作計數: 1, 錯誤計數: 0, 連接次數: 1
2025-07-17 02:20:19 [INFO] LED_Controller:update_status_registers:496 - 模組統計 - 運行時間: 6684秒, 操作計數: 1, 錯誤計數: 0, 連接次數: 1
2025-07-17 02:21:13 [INFO] LED_Controller:update_status_registers:496 - 模組統計 - 運行時間: 6738秒, 操作計數: 1, 錯誤計數: 0, 連接次數: 1
2025-07-17 02:22:07 [INFO] LED_Controller:update_status_registers:496 - 模組統計 - 運行時間: 6792秒, 操作計數: 1, 錯誤計數: 0, 連接次數: 1
2025-07-17 02:23:02 [INFO] LED_Controller:update_status_registers:496 - 模組統計 - 運行時間: 6847秒, 操作計數: 1, 錯誤計數: 0, 連接次數: 1
2025-07-17 02:23:56 [INFO] LED_Controller:update_status_registers:496 - 模組統計 - 運行時間: 6901秒, 操作計數: 1, 錯誤計數: 0, 連接次數: 1
2025-07-17 02:24:50 [INFO] LED_Controller:update_status_registers:496 - 模組統計 - 運行時間: 6955秒, 操作計數: 1, 錯誤計數: 0, 連接次數: 1
2025-07-17 02:25:44 [INFO] LED_Controller:update_status_registers:496 - 模組統計 - 運行時間: 7010秒, 操作計數: 1, 錯誤計數: 0, 連接次數: 1
2025-07-17 02:26:39 [INFO] LED_Controller:update_status_registers:496 - 模組統計 - 運行時間: 7064秒, 操作計數: 1, 錯誤計數: 0, 連接次數: 1
2025-07-17 02:27:33 [INFO] LED_Controller:update_status_registers:496 - 模組統計 - 運行時間: 7118秒, 操作計數: 1, 錯誤計數: 0, 連接次數: 1
2025-07-17 02:28:27 [INFO] LED_Controller:update_status_registers:496 - 模組統計 - 運行時間: 7173秒, 操作計數: 1, 錯誤計數: 0, 連接次數: 1
2025-07-17 02:29:22 [INFO] LED_Controller:update_status_registers:496 - 模組統計 - 運行時間: 7227秒, 操作計數: 1, 錯誤計數: 0, 連接次數: 1
2025-07-17 02:30:16 [INFO] LED_Controller:update_status_registers:496 - 模組統計 - 運行時間: 7281秒, 操作計數: 1, 錯誤計數: 0, 連接次數: 1
2025-07-17 02:31:10 [INFO] LED_Controller:update_status_registers:496 - 模組統計 - 運行時間: 7336秒, 操作計數: 1, 錯誤計數: 0, 連接次數: 1
2025-07-17 02:32:05 [INFO] LED_Controller:update_status_registers:496 - 模組統計 - 運行時間: 7390秒, 操作計數: 1, 錯誤計數: 0, 連接次數: 1
2025-07-17 02:32:59 [INFO] LED_Controller:update_status_registers:496 - 模組統計 - 運行時間: 7444秒, 操作計數: 1, 錯誤計數: 0, 連接次數: 1
2025-07-17 02:33:53 [INFO] LED_Controller:update_status_registers:496 - 模組統計 - 運行時間: 7499秒, 操作計數: 1, 錯誤計數: 0, 連接次數: 1
2025-07-17 02:34:48 [INFO] LED_Controller:update_status_registers:496 - 模組統計 - 運行時間: 7553秒, 操作計數: 1, 錯誤計數: 0, 連接次數: 1
2025-07-17 02:35:42 [INFO] LED_Controller:update_status_registers:496 - 模組統計 - 運行時間: 7608秒, 操作計數: 1, 錯誤計數: 0, 連接次數: 1
2025-07-17 02:36:36 [INFO] LED_Controller:update_status_registers:496 - 模組統計 - 運行時間: 7662秒, 操作計數: 1, 錯誤計數: 0, 連接次數: 1
2025-07-17 02:37:31 [INFO] LED_Controller:update_status_registers:496 - 模組統計 - 運行時間: 7716秒, 操作計數: 1, 錯誤計數: 0, 連接次數: 1
2025-07-17 02:38:25 [INFO] LED_Controller:update_status_registers:496 - 模組統計 - 運行時間: 7770秒, 操作計數: 1, 錯誤計數: 0, 連接次數: 1
2025-07-17 02:39:19 [INFO] LED_Controller:update_status_registers:496 - 模組統計 - 運行時間: 7825秒, 操作計數: 1, 錯誤計數: 0, 連接次數: 1
2025-07-17 02:40:14 [INFO] LED_Controller:update_status_registers:496 - 模組統計 - 運行時間: 7879秒, 操作計數: 1, 錯誤計數: 0, 連接次數: 1
2025-07-17 02:41:08 [INFO] LED_Controller:update_status_registers:496 - 模組統計 - 運行時間: 7933秒, 操作計數: 1, 錯誤計數: 0, 連接次數: 1
2025-07-17 02:42:02 [INFO] LED_Controller:update_status_registers:496 - 模組統計 - 運行時間: 7988秒, 操作計數: 1, 錯誤計數: 0, 連接次數: 1
2025-07-17 02:42:56 [INFO] LED_Controller:update_status_registers:496 - 模組統計 - 運行時間: 8042秒, 操作計數: 1, 錯誤計數: 0, 連接次數: 1
2025-07-17 02:43:51 [INFO] LED_Controller:update_status_registers:496 - 模組統計 - 運行時間: 8096秒, 操作計數: 1, 錯誤計數: 0, 連接次數: 1
2025-07-17 02:44:45 [INFO] LED_Controller:update_status_registers:496 - 模組統計 - 運行時間: 8150秒, 操作計數: 1, 錯誤計數: 0, 連接次數: 1
2025-07-17 02:45:39 [INFO] LED_Controller:update_status_registers:496 - 模組統計 - 運行時間: 8205秒, 操作計數: 1, 錯誤計數: 0, 連接次數: 1
2025-07-17 02:46:33 [INFO] LED_Controller:update_status_registers:496 - 模組統計 - 運行時間: 8259秒, 操作計數: 1, 錯誤計數: 0, 連接次數: 1
2025-07-17 02:47:28 [INFO] LED_Controller:update_status_registers:496 - 模組統計 - 運行時間: 8313秒, 操作計數: 1, 錯誤計數: 0, 連接次數: 1
2025-07-17 02:48:22 [INFO] LED_Controller:update_status_registers:496 - 模組統計 - 運行時間: 8367秒, 操作計數: 1, 錯誤計數: 0, 連接次數: 1
2025-07-17 02:49:16 [INFO] LED_Controller:update_status_registers:496 - 模組統計 - 運行時間: 8422秒, 操作計數: 1, 錯誤計數: 0, 連接次數: 1
2025-07-17 02:50:11 [INFO] LED_Controller:update_status_registers:496 - 模組統計 - 運行時間: 8476秒, 操作計數: 1, 錯誤計數: 0, 連接次數: 1
2025-07-17 02:51:05 [INFO] LED_Controller:update_status_registers:496 - 模組統計 - 運行時間: 8530秒, 操作計數: 1, 錯誤計數: 0, 連接次數: 1
2025-07-17 02:51:59 [INFO] LED_Controller:update_status_registers:496 - 模組統計 - 運行時間: 8584秒, 操作計數: 1, 錯誤計數: 0, 連接次數: 1
2025-07-17 02:52:54 [INFO] LED_Controller:update_status_registers:496 - 模組統計 - 運行時間: 8639秒, 操作計數: 1, 錯誤計數: 0, 連接次數: 1
2025-07-17 02:53:48 [INFO] LED_Controller:update_status_registers:496 - 模組統計 - 運行時間: 8693秒, 操作計數: 1, 錯誤計數: 0, 連接次數: 1
2025-07-17 02:54:42 [INFO] LED_Controller:update_status_registers:496 - 模組統計 - 運行時間: 8747秒, 操作計數: 1, 錯誤計數: 0, 連接次數: 1
2025-07-17 02:55:36 [INFO] LED_Controller:update_status_registers:496 - 模組統計 - 運行時間: 8802秒, 操作計數: 1, 錯誤計數: 0, 連接次數: 1
2025-07-17 02:56:30 [INFO] LED_Controller:update_status_registers:496 - 模組統計 - 運行時間: 8856秒, 操作計數: 1, 錯誤計數: 0, 連接次數: 1
2025-07-17 02:57:25 [INFO] LED_Controller:update_status_registers:496 - 模組統計 - 運行時間: 8910秒, 操作計數: 1, 錯誤計數: 0, 連接次數: 1
2025-07-17 02:58:19 [INFO] LED_Controller:update_status_registers:496 - 模組統計 - 運行時間: 8964秒, 操作計數: 1, 錯誤計數: 0, 連接次數: 1
2025-07-17 02:59:13 [INFO] LED_Controller:update_status_registers:496 - 模組統計 - 運行時間: 9019秒, 操作計數: 1, 錯誤計數: 0, 連接次數: 1
2025-07-17 03:00:08 [INFO] LED_Controller:update_status_registers:496 - 模組統計 - 運行時間: 9073秒, 操作計數: 1, 錯誤計數: 0, 連接次數: 1
2025-07-17 03:01:02 [INFO] LED_Controller:update_status_registers:496 - 模組統計 - 運行時間: 9127秒, 操作計數: 1, 錯誤計數: 0, 連接次數: 1
2025-07-17 03:01:56 [INFO] LED_Controller:update_status_registers:496 - 模組統計 - 運行時間: 9182秒, 操作計數: 1, 錯誤計數: 0, 連接次數: 1
2025-07-17 03:02:51 [INFO] LED_Controller:update_status_registers:496 - 模組統計 - 運行時間: 9236秒, 操作計數: 1, 錯誤計數: 0, 連接次數: 1
2025-07-17 03:03:45 [INFO] LED_Controller:update_status_registers:496 - 模組統計 - 運行時間: 9290秒, 操作計數: 1, 錯誤計數: 0, 連接次數: 1
2025-07-17 03:04:39 [INFO] LED_Controller:update_status_registers:496 - 模組統計 - 運行時間: 9344秒, 操作計數: 1, 錯誤計數: 0, 連接次數: 1
2025-07-17 03:05:33 [INFO] LED_Controller:update_status_registers:496 - 模組統計 - 運行時間: 9399秒, 操作計數: 1, 錯誤計數: 0, 連接次數: 1
2025-07-17 03:06:28 [INFO] LED_Controller:update_status_registers:496 - 模組統計 - 運行時間: 9453秒, 操作計數: 1, 錯誤計數: 0, 連接次數: 1
2025-07-17 03:07:22 [INFO] LED_Controller:update_status_registers:496 - 模組統計 - 運行時間: 9507秒, 操作計數: 1, 錯誤計數: 0, 連接次數: 1
2025-07-17 03:08:16 [INFO] LED_Controller:update_status_registers:496 - 模組統計 - 運行時間: 9562秒, 操作計數: 1, 錯誤計數: 0, 連接次數: 1
2025-07-17 03:09:11 [INFO] LED_Controller:update_status_registers:496 - 模組統計 - 運行時間: 9616秒, 操作計數: 1, 錯誤計數: 0, 連接次數: 1
2025-07-17 03:10:05 [INFO] LED_Controller:update_status_registers:496 - 模組統計 - 運行時間: 9670秒, 操作計數: 1, 錯誤計數: 0, 連接次數: 1
2025-07-17 03:10:59 [INFO] LED_Controller:update_status_registers:496 - 模組統計 - 運行時間: 9725秒, 操作計數: 1, 錯誤計數: 0, 連接次數: 1
2025-07-17 03:11:54 [INFO] LED_Controller:update_status_registers:496 - 模組統計 - 運行時間: 9779秒, 操作計數: 1, 錯誤計數: 0, 連接次數: 1
2025-07-17 03:12:48 [INFO] LED_Controller:update_status_registers:496 - 模組統計 - 運行時間: 9833秒, 操作計數: 1, 錯誤計數: 0, 連接次數: 1
2025-07-17 03:13:42 [INFO] LED_Controller:update_status_registers:496 - 模組統計 - 運行時間: 9887秒, 操作計數: 1, 錯誤計數: 0, 連接次數: 1
2025-07-17 03:14:37 [INFO] LED_Controller:update_status_registers:496 - 模組統計 - 運行時間: 9942秒, 操作計數: 1, 錯誤計數: 0, 連接次數: 1
2025-07-17 03:15:31 [INFO] LED_Controller:update_status_registers:496 - 模組統計 - 運行時間: 9996秒, 操作計數: 1, 錯誤計數: 0, 連接次數: 1
2025-07-17 03:16:25 [INFO] LED_Controller:update_status_registers:496 - 模組統計 - 運行時間: 10051秒, 操作計數: 1, 錯誤計數: 0, 連接次數: 1
2025-07-17 03:17:20 [INFO] LED_Controller:update_status_registers:496 - 模組統計 - 運行時間: 10105秒, 操作計數: 1, 錯誤計數: 0, 連接次數: 1
2025-07-17 03:18:14 [INFO] LED_Controller:update_status_registers:496 - 模組統計 - 運行時間: 10159秒, 操作計數: 1, 錯誤計數: 0, 連接次數: 1
2025-07-17 03:19:08 [INFO] LED_Controller:update_status_registers:496 - 模組統計 - 運行時間: 10214秒, 操作計數: 1, 錯誤計數: 0, 連接次數: 1
2025-07-17 03:20:03 [INFO] LED_Controller:update_status_registers:496 - 模組統計 - 運行時間: 10268秒, 操作計數: 1, 錯誤計數: 0, 連接次數: 1
2025-07-17 03:20:57 [INFO] LED_Controller:update_status_registers:496 - 模組統計 - 運行時間: 10322秒, 操作計數: 1, 錯誤計數: 0, 連接次數: 1
2025-07-17 03:21:51 [INFO] LED_Controller:update_status_registers:496 - 模組統計 - 運行時間: 10376秒, 操作計數: 1, 錯誤計數: 0, 連接次數: 1
2025-07-17 03:22:45 [INFO] LED_Controller:update_status_registers:496 - 模組統計 - 運行時間: 10431秒, 操作計數: 1, 錯誤計數: 0, 連接次數: 1
2025-07-17 03:23:40 [INFO] LED_Controller:update_status_registers:496 - 模組統計 - 運行時間: 10485秒, 操作計數: 1, 錯誤計數: 0, 連接次數: 1
2025-07-17 03:24:34 [INFO] LED_Controller:update_status_registers:496 - 模組統計 - 運行時間: 10539秒, 操作計數: 1, 錯誤計數: 0, 連接次數: 1
2025-07-17 03:25:28 [INFO] LED_Controller:update_status_registers:496 - 模組統計 - 運行時間: 10594秒, 操作計數: 1, 錯誤計數: 0, 連接次數: 1
2025-07-17 03:26:23 [INFO] LED_Controller:update_status_registers:496 - 模組統計 - 運行時間: 10648秒, 操作計數: 1, 錯誤計數: 0, 連接次數: 1
2025-07-17 03:27:17 [INFO] LED_Controller:update_status_registers:496 - 模組統計 - 運行時間: 10702秒, 操作計數: 1, 錯誤計數: 0, 連接次數: 1
2025-07-17 03:28:11 [INFO] LED_Controller:update_status_registers:496 - 模組統計 - 運行時間: 10757秒, 操作計數: 1, 錯誤計數: 0, 連接次數: 1
2025-07-17 03:29:06 [INFO] LED_Controller:update_status_registers:496 - 模組統計 - 運行時間: 10811秒, 操作計數: 1, 錯誤計數: 0, 連接次數: 1
2025-07-17 03:30:00 [INFO] LED_Controller:update_status_registers:496 - 模組統計 - 運行時間: 10865秒, 操作計數: 1, 錯誤計數: 0, 連接次數: 1
2025-07-17 03:30:54 [INFO] LED_Controller:update_status_registers:496 - 模組統計 - 運行時間: 10920秒, 操作計數: 1, 錯誤計數: 0, 連接次數: 1
2025-07-17 03:31:49 [INFO] LED_Controller:update_status_registers:496 - 模組統計 - 運行時間: 10974秒, 操作計數: 1, 錯誤計數: 0, 連接次數: 1
2025-07-17 03:32:43 [INFO] LED_Controller:update_status_registers:496 - 模組統計 - 運行時間: 11028秒, 操作計數: 1, 錯誤計數: 0, 連接次數: 1
2025-07-17 03:33:37 [INFO] LED_Controller:update_status_registers:496 - 模組統計 - 運行時間: 11083秒, 操作計數: 1, 錯誤計數: 0, 連接次數: 1
2025-07-17 03:34:32 [INFO] LED_Controller:update_status_registers:496 - 模組統計 - 運行時間: 11137秒, 操作計數: 1, 錯誤計數: 0, 連接次數: 1
2025-07-17 03:35:26 [INFO] LED_Controller:update_status_registers:496 - 模組統計 - 運行時間: 11191秒, 操作計數: 1, 錯誤計數: 0, 連接次數: 1
2025-07-17 03:36:20 [INFO] LED_Controller:update_status_registers:496 - 模組統計 - 運行時間: 11246秒, 操作計數: 1, 錯誤計數: 0, 連接次數: 1
2025-07-17 03:37:15 [INFO] LED_Controller:update_status_registers:496 - 模組統計 - 運行時間: 11300秒, 操作計數: 1, 錯誤計數: 0, 連接次數: 1
2025-07-17 03:38:09 [INFO] LED_Controller:update_status_registers:496 - 模組統計 - 運行時間: 11354秒, 操作計數: 1, 錯誤計數: 0, 連接次數: 1
2025-07-17 03:39:03 [INFO] LED_Controller:update_status_registers:496 - 模組統計 - 運行時間: 11409秒, 操作計數: 1, 錯誤計數: 0, 連接次數: 1
2025-07-17 03:39:58 [INFO] LED_Controller:update_status_registers:496 - 模組統計 - 運行時間: 11463秒, 操作計數: 1, 錯誤計數: 0, 連接次數: 1
2025-07-17 03:40:52 [INFO] LED_Controller:update_status_registers:496 - 模組統計 - 運行時間: 11517秒, 操作計數: 1, 錯誤計數: 0, 連接次數: 1
2025-07-17 03:41:46 [INFO] LED_Controller:update_status_registers:496 - 模組統計 - 運行時間: 11572秒, 操作計數: 1, 錯誤計數: 0, 連接次數: 1
2025-07-17 03:42:41 [INFO] LED_Controller:update_status_registers:496 - 模組統計 - 運行時間: 11626秒, 操作計數: 1, 錯誤計數: 0, 連接次數: 1
2025-07-17 03:43:35 [INFO] LED_Controller:update_status_registers:496 - 模組統計 - 運行時間: 11680秒, 操作計數: 1, 錯誤計數: 0, 連接次數: 1
2025-07-17 03:44:29 [INFO] LED_Controller:update_status_registers:496 - 模組統計 - 運行時間: 11735秒, 操作計數: 1, 錯誤計數: 0, 連接次數: 1
2025-07-17 03:45:24 [INFO] LED_Controller:update_status_registers:496 - 模組統計 - 運行時間: 11789秒, 操作計數: 1, 錯誤計數: 0, 連接次數: 1
2025-07-17 03:46:18 [INFO] LED_Controller:update_status_registers:496 - 模組統計 - 運行時間: 11843秒, 操作計數: 1, 錯誤計數: 0, 連接次數: 1
2025-07-17 03:47:12 [INFO] LED_Controller:update_status_registers:496 - 模組統計 - 運行時間: 11898秒, 操作計數: 1, 錯誤計數: 0, 連接次數: 1
2025-07-17 03:48:07 [INFO] LED_Controller:update_status_registers:496 - 模組統計 - 運行時間: 11952秒, 操作計數: 1, 錯誤計數: 0, 連接次數: 1
2025-07-17 03:49:01 [INFO] LED_Controller:update_status_registers:496 - 模組統計 - 運行時間: 12006秒, 操作計數: 1, 錯誤計數: 0, 連接次數: 1
2025-07-17 03:49:55 [INFO] LED_Controller:update_status_registers:496 - 模組統計 - 運行時間: 12060秒, 操作計數: 1, 錯誤計數: 0, 連接次數: 1
2025-07-17 03:50:49 [INFO] LED_Controller:update_status_registers:496 - 模組統計 - 運行時間: 12115秒, 操作計數: 1, 錯誤計數: 0, 連接次數: 1
2025-07-17 03:51:44 [INFO] LED_Controller:update_status_registers:496 - 模組統計 - 運行時間: 12169秒, 操作計數: 1, 錯誤計數: 0, 連接次數: 1
2025-07-17 03:52:38 [INFO] LED_Controller:update_status_registers:496 - 模組統計 - 運行時間: 12223秒, 操作計數: 1, 錯誤計數: 0, 連接次數: 1
2025-07-17 03:53:32 [INFO] LED_Controller:update_status_registers:496 - 模組統計 - 運行時間: 12277秒, 操作計數: 1, 錯誤計數: 0, 連接次數: 1
2025-07-17 03:54:26 [INFO] LED_Controller:update_status_registers:496 - 模組統計 - 運行時間: 12331秒, 操作計數: 1, 錯誤計數: 0, 連接次數: 1
2025-07-17 03:55:20 [INFO] LED_Controller:update_status_registers:496 - 模組統計 - 運行時間: 12385秒, 操作計數: 1, 錯誤計數: 0, 連接次數: 1
2025-07-17 03:56:14 [INFO] LED_Controller:update_status_registers:496 - 模組統計 - 運行時間: 12439秒, 操作計數: 1, 錯誤計數: 0, 連接次數: 1
2025-07-17 03:57:08 [INFO] LED_Controller:update_status_registers:496 - 模組統計 - 運行時間: 12494秒, 操作計數: 1, 錯誤計數: 0, 連接次數: 1
2025-07-17 03:58:03 [INFO] LED_Controller:update_status_registers:496 - 模組統計 - 運行時間: 12548秒, 操作計數: 1, 錯誤計數: 0, 連接次數: 1
2025-07-17 03:58:57 [INFO] LED_Controller:update_status_registers:496 - 模組統計 - 運行時間: 12602秒, 操作計數: 1, 錯誤計數: 0, 連接次數: 1
2025-07-17 03:59:51 [INFO] LED_Controller:update_status_registers:496 - 模組統計 - 運行時間: 12656秒, 操作計數: 1, 錯誤計數: 0, 連接次數: 1
2025-07-17 04:00:45 [INFO] LED_Controller:update_status_registers:496 - 模組統計 - 運行時間: 12711秒, 操作計數: 1, 錯誤計數: 0, 連接次數: 1
2025-07-17 04:01:40 [INFO] LED_Controller:update_status_registers:496 - 模組統計 - 運行時間: 12765秒, 操作計數: 1, 錯誤計數: 0, 連接次數: 1
2025-07-17 04:02:34 [INFO] LED_Controller:update_status_registers:496 - 模組統計 - 運行時間: 12819秒, 操作計數: 1, 錯誤計數: 0, 連接次數: 1
2025-07-17 04:03:28 [INFO] LED_Controller:update_status_registers:496 - 模組統計 - 運行時間: 12873秒, 操作計數: 1, 錯誤計數: 0, 連接次數: 1
2025-07-17 04:04:22 [INFO] LED_Controller:update_status_registers:496 - 模組統計 - 運行時間: 12928秒, 操作計數: 1, 錯誤計數: 0, 連接次數: 1
2025-07-17 04:05:17 [INFO] LED_Controller:update_status_registers:496 - 模組統計 - 運行時間: 12982秒, 操作計數: 1, 錯誤計數: 0, 連接次數: 1
2025-07-17 04:06:11 [INFO] LED_Controller:update_status_registers:496 - 模組統計 - 運行時間: 13036秒, 操作計數: 1, 錯誤計數: 0, 連接次數: 1
2025-07-17 04:07:05 [INFO] LED_Controller:update_status_registers:496 - 模組統計 - 運行時間: 13090秒, 操作計數: 1, 錯誤計數: 0, 連接次數: 1
2025-07-17 04:07:59 [INFO] LED_Controller:update_status_registers:496 - 模組統計 - 運行時間: 13145秒, 操作計數: 1, 錯誤計數: 0, 連接次數: 1
2025-07-17 04:08:54 [INFO] LED_Controller:update_status_registers:496 - 模組統計 - 運行時間: 13199秒, 操作計數: 1, 錯誤計數: 0, 連接次數: 1
2025-07-17 04:09:48 [INFO] LED_Controller:update_status_registers:496 - 模組統計 - 運行時間: 13253秒, 操作計數: 1, 錯誤計數: 0, 連接次數: 1
2025-07-17 04:10:42 [INFO] LED_Controller:update_status_registers:496 - 模組統計 - 運行時間: 13307秒, 操作計數: 1, 錯誤計數: 0, 連接次數: 1
2025-07-17 04:11:36 [INFO] LED_Controller:update_status_registers:496 - 模組統計 - 運行時間: 13362秒, 操作計數: 1, 錯誤計數: 0, 連接次數: 1
2025-07-17 04:12:31 [INFO] LED_Controller:update_status_registers:496 - 模組統計 - 運行時間: 13416秒, 操作計數: 1, 錯誤計數: 0, 連接次數: 1
2025-07-17 04:13:25 [INFO] LED_Controller:update_status_registers:496 - 模組統計 - 運行時間: 13470秒, 操作計數: 1, 錯誤計數: 0, 連接次數: 1
2025-07-17 04:14:19 [INFO] LED_Controller:update_status_registers:496 - 模組統計 - 運行時間: 13524秒, 操作計數: 1, 錯誤計數: 0, 連接次數: 1
2025-07-17 04:15:13 [INFO] LED_Controller:update_status_registers:496 - 模組統計 - 運行時間: 13578秒, 操作計數: 1, 錯誤計數: 0, 連接次數: 1
2025-07-17 04:16:08 [INFO] LED_Controller:update_status_registers:496 - 模組統計 - 運行時間: 13633秒, 操作計數: 1, 錯誤計數: 0, 連接次數: 1
2025-07-17 04:17:02 [INFO] LED_Controller:update_status_registers:496 - 模組統計 - 運行時間: 13687秒, 操作計數: 1, 錯誤計數: 0, 連接次數: 1
2025-07-17 04:17:56 [INFO] LED_Controller:update_status_registers:496 - 模組統計 - 運行時間: 13742秒, 操作計數: 1, 錯誤計數: 0, 連接次數: 1
2025-07-17 04:18:51 [INFO] LED_Controller:update_status_registers:496 - 模組統計 - 運行時間: 13796秒, 操作計數: 1, 錯誤計數: 0, 連接次數: 1
2025-07-17 04:19:45 [INFO] LED_Controller:update_status_registers:496 - 模組統計 - 運行時間: 13850秒, 操作計數: 1, 錯誤計數: 0, 連接次數: 1
2025-07-17 04:20:39 [INFO] LED_Controller:update_status_registers:496 - 模組統計 - 運行時間: 13904秒, 操作計數: 1, 錯誤計數: 0, 連接次數: 1
2025-07-17 04:21:33 [INFO] LED_Controller:update_status_registers:496 - 模組統計 - 運行時間: 13959秒, 操作計數: 1, 錯誤計數: 0, 連接次數: 1
2025-07-17 04:22:28 [INFO] LED_Controller:update_status_registers:496 - 模組統計 - 運行時間: 14013秒, 操作計數: 1, 錯誤計數: 0, 連接次數: 1
2025-07-17 04:23:22 [INFO] LED_Controller:update_status_registers:496 - 模組統計 - 運行時間: 14067秒, 操作計數: 1, 錯誤計數: 0, 連接次數: 1
2025-07-17 04:24:16 [INFO] LED_Controller:update_status_registers:496 - 模組統計 - 運行時間: 14121秒, 操作計數: 1, 錯誤計數: 0, 連接次數: 1
2025-07-17 04:25:10 [INFO] LED_Controller:update_status_registers:496 - 模組統計 - 運行時間: 14176秒, 操作計數: 1, 錯誤計數: 0, 連接次數: 1
2025-07-17 04:26:05 [INFO] LED_Controller:update_status_registers:496 - 模組統計 - 運行時間: 14230秒, 操作計數: 1, 錯誤計數: 0, 連接次數: 1
2025-07-17 04:26:59 [INFO] LED_Controller:update_status_registers:496 - 模組統計 - 運行時間: 14284秒, 操作計數: 1, 錯誤計數: 0, 連接次數: 1
2025-07-17 04:27:53 [INFO] LED_Controller:update_status_registers:496 - 模組統計 - 運行時間: 14338秒, 操作計數: 1, 錯誤計數: 0, 連接次數: 1
2025-07-17 04:28:47 [INFO] LED_Controller:update_status_registers:496 - 模組統計 - 運行時間: 14393秒, 操作計數: 1, 錯誤計數: 0, 連接次數: 1
2025-07-17 04:29:42 [INFO] LED_Controller:update_status_registers:496 - 模組統計 - 運行時間: 14447秒, 操作計數: 1, 錯誤計數: 0, 連接次數: 1
2025-07-17 04:30:36 [INFO] LED_Controller:update_status_registers:496 - 模組統計 - 運行時間: 14501秒, 操作計數: 1, 錯誤計數: 0, 連接次數: 1
2025-07-17 04:31:30 [INFO] LED_Controller:update_status_registers:496 - 模組統計 - 運行時間: 14556秒, 操作計數: 1, 錯誤計數: 0, 連接次數: 1
2025-07-17 04:32:25 [INFO] LED_Controller:update_status_registers:496 - 模組統計 - 運行時間: 14610秒, 操作計數: 1, 錯誤計數: 0, 連接次數: 1
2025-07-17 04:33:19 [INFO] LED_Controller:update_status_registers:496 - 模組統計 - 運行時間: 14664秒, 操作計數: 1, 錯誤計數: 0, 連接次數: 1
2025-07-17 04:34:13 [INFO] LED_Controller:update_status_registers:496 - 模組統計 - 運行時間: 14718秒, 操作計數: 1, 錯誤計數: 0, 連接次數: 1
2025-07-17 04:35:07 [INFO] LED_Controller:update_status_registers:496 - 模組統計 - 運行時間: 14773秒, 操作計數: 1, 錯誤計數: 0, 連接次數: 1
2025-07-17 04:36:02 [INFO] LED_Controller:update_status_registers:496 - 模組統計 - 運行時間: 14827秒, 操作計數: 1, 錯誤計數: 0, 連接次數: 1
2025-07-17 04:36:56 [INFO] LED_Controller:update_status_registers:496 - 模組統計 - 運行時間: 14881秒, 操作計數: 1, 錯誤計數: 0, 連接次數: 1
2025-07-17 04:37:50 [INFO] LED_Controller:update_status_registers:496 - 模組統計 - 運行時間: 14936秒, 操作計數: 1, 錯誤計數: 0, 連接次數: 1
2025-07-17 04:38:45 [INFO] LED_Controller:update_status_registers:496 - 模組統計 - 運行時間: 14990秒, 操作計數: 1, 錯誤計數: 0, 連接次數: 1
2025-07-17 04:39:39 [INFO] LED_Controller:update_status_registers:496 - 模組統計 - 運行時間: 15044秒, 操作計數: 1, 錯誤計數: 0, 連接次數: 1
2025-07-17 04:40:33 [INFO] LED_Controller:update_status_registers:496 - 模組統計 - 運行時間: 15099秒, 操作計數: 1, 錯誤計數: 0, 連接次數: 1
2025-07-17 04:41:28 [INFO] LED_Controller:update_status_registers:496 - 模組統計 - 運行時間: 15153秒, 操作計數: 1, 錯誤計數: 0, 連接次數: 1
2025-07-17 04:42:22 [INFO] LED_Controller:update_status_registers:496 - 模組統計 - 運行時間: 15207秒, 操作計數: 1, 錯誤計數: 0, 連接次數: 1
2025-07-17 04:43:16 [INFO] LED_Controller:update_status_registers:496 - 模組統計 - 運行時間: 15261秒, 操作計數: 1, 錯誤計數: 0, 連接次數: 1
2025-07-17 04:44:11 [INFO] LED_Controller:update_status_registers:496 - 模組統計 - 運行時間: 15316秒, 操作計數: 1, 錯誤計數: 0, 連接次數: 1
2025-07-17 04:45:05 [INFO] LED_Controller:update_status_registers:496 - 模組統計 - 運行時間: 15370秒, 操作計數: 1, 錯誤計數: 0, 連接次數: 1
2025-07-17 04:45:59 [INFO] LED_Controller:update_status_registers:496 - 模組統計 - 運行時間: 15424秒, 操作計數: 1, 錯誤計數: 0, 連接次數: 1
2025-07-17 04:46:53 [INFO] LED_Controller:update_status_registers:496 - 模組統計 - 運行時間: 15479秒, 操作計數: 1, 錯誤計數: 0, 連接次數: 1
2025-07-17 04:47:48 [INFO] LED_Controller:update_status_registers:496 - 模組統計 - 運行時間: 15533秒, 操作計數: 1, 錯誤計數: 0, 連接次數: 1
2025-07-17 04:48:42 [INFO] LED_Controller:update_status_registers:496 - 模組統計 - 運行時間: 15587秒, 操作計數: 1, 錯誤計數: 0, 連接次數: 1
2025-07-17 04:49:36 [INFO] LED_Controller:update_status_registers:496 - 模組統計 - 運行時間: 15641秒, 操作計數: 1, 錯誤計數: 0, 連接次數: 1
2025-07-17 04:50:30 [INFO] LED_Controller:update_status_registers:496 - 模組統計 - 運行時間: 15696秒, 操作計數: 1, 錯誤計數: 0, 連接次數: 1
2025-07-17 04:51:25 [INFO] LED_Controller:update_status_registers:496 - 模組統計 - 運行時間: 15750秒, 操作計數: 1, 錯誤計數: 0, 連接次數: 1
2025-07-17 04:52:19 [INFO] LED_Controller:update_status_registers:496 - 模組統計 - 運行時間: 15804秒, 操作計數: 1, 錯誤計數: 0, 連接次數: 1
2025-07-17 04:53:13 [INFO] LED_Controller:update_status_registers:496 - 模組統計 - 運行時間: 15859秒, 操作計數: 1, 錯誤計數: 0, 連接次數: 1
2025-07-17 04:54:08 [INFO] LED_Controller:update_status_registers:496 - 模組統計 - 運行時間: 15913秒, 操作計數: 1, 錯誤計數: 0, 連接次數: 1
2025-07-17 04:55:02 [INFO] LED_Controller:update_status_registers:496 - 模組統計 - 運行時間: 15968秒, 操作計數: 1, 錯誤計數: 0, 連接次數: 1
2025-07-17 04:55:57 [INFO] LED_Controller:update_status_registers:496 - 模組統計 - 運行時間: 16022秒, 操作計數: 1, 錯誤計數: 0, 連接次數: 1
2025-07-17 04:56:51 [INFO] LED_Controller:update_status_registers:496 - 模組統計 - 運行時間: 16076秒, 操作計數: 1, 錯誤計數: 0, 連接次數: 1
2025-07-17 04:57:45 [INFO] LED_Controller:update_status_registers:496 - 模組統計 - 運行時間: 16131秒, 操作計數: 1, 錯誤計數: 0, 連接次數: 1
2025-07-17 04:58:40 [INFO] LED_Controller:update_status_registers:496 - 模組統計 - 運行時間: 16185秒, 操作計數: 1, 錯誤計數: 0, 連接次數: 1
2025-07-17 04:59:34 [INFO] LED_Controller:update_status_registers:496 - 模組統計 - 運行時間: 16239秒, 操作計數: 1, 錯誤計數: 0, 連接次數: 1
2025-07-17 05:00:28 [INFO] LED_Controller:update_status_registers:496 - 模組統計 - 運行時間: 16293秒, 操作計數: 1, 錯誤計數: 0, 連接次數: 1
2025-07-17 05:01:22 [INFO] LED_Controller:update_status_registers:496 - 模組統計 - 運行時間: 16348秒, 操作計數: 1, 錯誤計數: 0, 連接次數: 1
2025-07-17 05:02:17 [INFO] LED_Controller:update_status_registers:496 - 模組統計 - 運行時間: 16402秒, 操作計數: 1, 錯誤計數: 0, 連接次數: 1
2025-07-17 05:03:11 [INFO] LED_Controller:update_status_registers:496 - 模組統計 - 運行時間: 16456秒, 操作計數: 1, 錯誤計數: 0, 連接次數: 1
2025-07-17 05:04:05 [INFO] LED_Controller:update_status_registers:496 - 模組統計 - 運行時間: 16510秒, 操作計數: 1, 錯誤計數: 0, 連接次數: 1
2025-07-17 05:04:59 [INFO] LED_Controller:update_status_registers:496 - 模組統計 - 運行時間: 16565秒, 操作計數: 1, 錯誤計數: 0, 連接次數: 1
2025-07-17 05:05:54 [INFO] LED_Controller:update_status_registers:496 - 模組統計 - 運行時間: 16619秒, 操作計數: 1, 錯誤計數: 0, 連接次數: 1
2025-07-17 05:06:48 [INFO] LED_Controller:update_status_registers:496 - 模組統計 - 運行時間: 16673秒, 操作計數: 1, 錯誤計數: 0, 連接次數: 1
2025-07-17 05:07:42 [INFO] LED_Controller:update_status_registers:496 - 模組統計 - 運行時間: 16728秒, 操作計數: 1, 錯誤計數: 0, 連接次數: 1
2025-07-17 05:08:37 [INFO] LED_Controller:update_status_registers:496 - 模組統計 - 運行時間: 16782秒, 操作計數: 1, 錯誤計數: 0, 連接次數: 1
2025-07-17 05:09:31 [INFO] LED_Controller:update_status_registers:496 - 模組統計 - 運行時間: 16836秒, 操作計數: 1, 錯誤計數: 0, 連接次數: 1
2025-07-17 05:10:26 [INFO] LED_Controller:update_status_registers:496 - 模組統計 - 運行時間: 16891秒, 操作計數: 1, 錯誤計數: 0, 連接次數: 1
2025-07-17 05:11:20 [INFO] LED_Controller:update_status_registers:496 - 模組統計 - 運行時間: 16945秒, 操作計數: 1, 錯誤計數: 0, 連接次數: 1
2025-07-17 05:12:14 [INFO] LED_Controller:update_status_registers:496 - 模組統計 - 運行時間: 16999秒, 操作計數: 1, 錯誤計數: 0, 連接次數: 1
2025-07-17 05:13:08 [INFO] LED_Controller:update_status_registers:496 - 模組統計 - 運行時間: 17053秒, 操作計數: 1, 錯誤計數: 0, 連接次數: 1
2025-07-17 05:14:02 [INFO] LED_Controller:update_status_registers:496 - 模組統計 - 運行時間: 17108秒, 操作計數: 1, 錯誤計數: 0, 連接次數: 1
2025-07-17 05:14:57 [INFO] LED_Controller:update_status_registers:496 - 模組統計 - 運行時間: 17162秒, 操作計數: 1, 錯誤計數: 0, 連接次數: 1
2025-07-17 05:15:51 [INFO] LED_Controller:update_status_registers:496 - 模組統計 - 運行時間: 17216秒, 操作計數: 1, 錯誤計數: 0, 連接次數: 1
2025-07-17 05:16:45 [INFO] LED_Controller:update_status_registers:496 - 模組統計 - 運行時間: 17271秒, 操作計數: 1, 錯誤計數: 0, 連接次數: 1
2025-07-17 05:17:40 [INFO] LED_Controller:update_status_registers:496 - 模組統計 - 運行時間: 17325秒, 操作計數: 1, 錯誤計數: 0, 連接次數: 1
2025-07-17 05:18:34 [INFO] LED_Controller:update_status_registers:496 - 模組統計 - 運行時間: 17379秒, 操作計數: 1, 錯誤計數: 0, 連接次數: 1
2025-07-17 05:19:28 [INFO] LED_Controller:update_status_registers:496 - 模組統計 - 運行時間: 17433秒, 操作計數: 1, 錯誤計數: 0, 連接次數: 1
2025-07-17 05:20:22 [INFO] LED_Controller:update_status_registers:496 - 模組統計 - 運行時間: 17488秒, 操作計數: 1, 錯誤計數: 0, 連接次數: 1
2025-07-17 05:21:17 [INFO] LED_Controller:update_status_registers:496 - 模組統計 - 運行時間: 17542秒, 操作計數: 1, 錯誤計數: 0, 連接次數: 1
2025-07-17 05:22:11 [INFO] LED_Controller:update_status_registers:496 - 模組統計 - 運行時間: 17597秒, 操作計數: 1, 錯誤計數: 0, 連接次數: 1
2025-07-17 05:23:06 [INFO] LED_Controller:update_status_registers:496 - 模組統計 - 運行時間: 17651秒, 操作計數: 1, 錯誤計數: 0, 連接次數: 1
2025-07-17 05:24:00 [INFO] LED_Controller:update_status_registers:496 - 模組統計 - 運行時間: 17705秒, 操作計數: 1, 錯誤計數: 0, 連接次數: 1
2025-07-17 05:24:54 [INFO] LED_Controller:update_status_registers:496 - 模組統計 - 運行時間: 17760秒, 操作計數: 1, 錯誤計數: 0, 連接次數: 1
2025-07-17 05:25:49 [INFO] LED_Controller:update_status_registers:496 - 模組統計 - 運行時間: 17814秒, 操作計數: 1, 錯誤計數: 0, 連接次數: 1
2025-07-17 05:26:43 [INFO] LED_Controller:update_status_registers:496 - 模組統計 - 運行時間: 17868秒, 操作計數: 1, 錯誤計數: 0, 連接次數: 1
2025-07-17 05:27:37 [INFO] LED_Controller:update_status_registers:496 - 模組統計 - 運行時間: 17922秒, 操作計數: 1, 錯誤計數: 0, 連接次數: 1
2025-07-17 05:28:31 [INFO] LED_Controller:update_status_registers:496 - 模組統計 - 運行時間: 17977秒, 操作計數: 1, 錯誤計數: 0, 連接次數: 1
2025-07-17 05:29:26 [INFO] LED_Controller:update_status_registers:496 - 模組統計 - 運行時間: 18031秒, 操作計數: 1, 錯誤計數: 0, 連接次數: 1
2025-07-17 05:30:20 [INFO] LED_Controller:update_status_registers:496 - 模組統計 - 運行時間: 18085秒, 操作計數: 1, 錯誤計數: 0, 連接次數: 1
2025-07-17 05:31:14 [INFO] LED_Controller:update_status_registers:496 - 模組統計 - 運行時間: 18140秒, 操作計數: 1, 錯誤計數: 0, 連接次數: 1
2025-07-17 05:32:09 [INFO] LED_Controller:update_status_registers:496 - 模組統計 - 運行時間: 18194秒, 操作計數: 1, 錯誤計數: 0, 連接次數: 1
2025-07-17 05:33:03 [INFO] LED_Controller:update_status_registers:496 - 模組統計 - 運行時間: 18248秒, 操作計數: 1, 錯誤計數: 0, 連接次數: 1
2025-07-17 05:33:57 [INFO] LED_Controller:update_status_registers:496 - 模組統計 - 運行時間: 18302秒, 操作計數: 1, 錯誤計數: 0, 連接次數: 1
2025-07-17 05:34:51 [INFO] LED_Controller:update_status_registers:496 - 模組統計 - 運行時間: 18357秒, 操作計數: 1, 錯誤計數: 0, 連接次數: 1
2025-07-17 05:35:46 [INFO] LED_Controller:update_status_registers:496 - 模組統計 - 運行時間: 18411秒, 操作計數: 1, 錯誤計數: 0, 連接次數: 1
2025-07-17 05:36:40 [INFO] LED_Controller:update_status_registers:496 - 模組統計 - 運行時間: 18465秒, 操作計數: 1, 錯誤計數: 0, 連接次數: 1
2025-07-17 05:37:35 [INFO] LED_Controller:update_status_registers:496 - 模組統計 - 運行時間: 18520秒, 操作計數: 1, 錯誤計數: 0, 連接次數: 1
2025-07-17 05:38:29 [INFO] LED_Controller:update_status_registers:496 - 模組統計 - 運行時間: 18574秒, 操作計數: 1, 錯誤計數: 0, 連接次數: 1
2025-07-17 05:39:23 [INFO] LED_Controller:update_status_registers:496 - 模組統計 - 運行時間: 18629秒, 操作計數: 1, 錯誤計數: 0, 連接次數: 1
2025-07-17 05:40:18 [INFO] LED_Controller:update_status_registers:496 - 模組統計 - 運行時間: 18683秒, 操作計數: 1, 錯誤計數: 0, 連接次數: 1
2025-07-17 05:41:12 [INFO] LED_Controller:update_status_registers:496 - 模組統計 - 運行時間: 18737秒, 操作計數: 1, 錯誤計數: 0, 連接次數: 1
2025-07-17 05:42:06 [INFO] LED_Controller:update_status_registers:496 - 模組統計 - 運行時間: 18792秒, 操作計數: 1, 錯誤計數: 0, 連接次數: 1
2025-07-17 05:43:01 [INFO] LED_Controller:update_status_registers:496 - 模組統計 - 運行時間: 18846秒, 操作計數: 1, 錯誤計數: 0, 連接次數: 1
2025-07-17 05:43:55 [INFO] LED_Controller:update_status_registers:496 - 模組統計 - 運行時間: 18900秒, 操作計數: 1, 錯誤計數: 0, 連接次數: 1
2025-07-17 05:44:49 [INFO] LED_Controller:update_status_registers:496 - 模組統計 - 運行時間: 18955秒, 操作計數: 1, 錯誤計數: 0, 連接次數: 1
2025-07-17 05:45:44 [INFO] LED_Controller:update_status_registers:496 - 模組統計 - 運行時間: 19009秒, 操作計數: 1, 錯誤計數: 0, 連接次數: 1
2025-07-17 05:46:38 [INFO] LED_Controller:update_status_registers:496 - 模組統計 - 運行時間: 19063秒, 操作計數: 1, 錯誤計數: 0, 連接次數: 1
2025-07-17 05:47:32 [INFO] LED_Controller:update_status_registers:496 - 模組統計 - 運行時間: 19118秒, 操作計數: 1, 錯誤計數: 0, 連接次數: 1
2025-07-17 05:48:27 [INFO] LED_Controller:update_status_registers:496 - 模組統計 - 運行時間: 19172秒, 操作計數: 1, 錯誤計數: 0, 連接次數: 1
2025-07-17 05:49:21 [INFO] LED_Controller:update_status_registers:496 - 模組統計 - 運行時間: 19226秒, 操作計數: 1, 錯誤計數: 0, 連接次數: 1
2025-07-17 05:50:15 [INFO] LED_Controller:update_status_registers:496 - 模組統計 - 運行時間: 19281秒, 操作計數: 1, 錯誤計數: 0, 連接次數: 1
2025-07-17 05:51:10 [INFO] LED_Controller:update_status_registers:496 - 模組統計 - 運行時間: 19335秒, 操作計數: 1, 錯誤計數: 0, 連接次數: 1
2025-07-17 05:52:04 [INFO] LED_Controller:update_status_registers:496 - 模組統計 - 運行時間: 19389秒, 操作計數: 1, 錯誤計數: 0, 連接次數: 1
2025-07-17 05:52:59 [INFO] LED_Controller:update_status_registers:496 - 模組統計 - 運行時間: 19444秒, 操作計數: 1, 錯誤計數: 0, 連接次數: 1
2025-07-17 05:53:53 [INFO] LED_Controller:update_status_registers:496 - 模組統計 - 運行時間: 19498秒, 操作計數: 1, 錯誤計數: 0, 連接次數: 1
2025-07-17 05:54:47 [INFO] LED_Controller:update_status_registers:496 - 模組統計 - 運行時間: 19553秒, 操作計數: 1, 錯誤計數: 0, 連接次數: 1
2025-07-17 05:55:42 [INFO] LED_Controller:update_status_registers:496 - 模組統計 - 運行時間: 19607秒, 操作計數: 1, 錯誤計數: 0, 連接次數: 1
2025-07-17 05:56:36 [INFO] LED_Controller:update_status_registers:496 - 模組統計 - 運行時間: 19661秒, 操作計數: 1, 錯誤計數: 0, 連接次數: 1
2025-07-17 05:57:30 [INFO] LED_Controller:update_status_registers:496 - 模組統計 - 運行時間: 19716秒, 操作計數: 1, 錯誤計數: 0, 連接次數: 1
2025-07-17 05:58:25 [INFO] LED_Controller:update_status_registers:496 - 模組統計 - 運行時間: 19770秒, 操作計數: 1, 錯誤計數: 0, 連接次數: 1
2025-07-17 05:59:19 [INFO] LED_Controller:update_status_registers:496 - 模組統計 - 運行時間: 19824秒, 操作計數: 1, 錯誤計數: 0, 連接次數: 1
2025-07-17 06:00:13 [INFO] LED_Controller:update_status_registers:496 - 模組統計 - 運行時間: 19879秒, 操作計數: 1, 錯誤計數: 0, 連接次數: 1
2025-07-17 06:01:08 [INFO] LED_Controller:update_status_registers:496 - 模組統計 - 運行時間: 19933秒, 操作計數: 1, 錯誤計數: 0, 連接次數: 1
2025-07-17 06:02:02 [INFO] LED_Controller:update_status_registers:496 - 模組統計 - 運行時間: 19987秒, 操作計數: 1, 錯誤計數: 0, 連接次數: 1
2025-07-17 06:02:56 [INFO] LED_Controller:update_status_registers:496 - 模組統計 - 運行時間: 20041秒, 操作計數: 1, 錯誤計數: 0, 連接次數: 1
2025-07-17 06:03:50 [INFO] LED_Controller:update_status_registers:496 - 模組統計 - 運行時間: 20096秒, 操作計數: 1, 錯誤計數: 0, 連接次數: 1
2025-07-17 06:04:45 [INFO] LED_Controller:update_status_registers:496 - 模組統計 - 運行時間: 20150秒, 操作計數: 1, 錯誤計數: 0, 連接次數: 1
2025-07-17 06:05:39 [INFO] LED_Controller:update_status_registers:496 - 模組統計 - 運行時間: 20204秒, 操作計數: 1, 錯誤計數: 0, 連接次數: 1
2025-07-17 06:06:33 [INFO] LED_Controller:update_status_registers:496 - 模組統計 - 運行時間: 20259秒, 操作計數: 1, 錯誤計數: 0, 連接次數: 1
2025-07-17 06:07:28 [INFO] LED_Controller:update_status_registers:496 - 模組統計 - 運行時間: 20313秒, 操作計數: 1, 錯誤計數: 0, 連接次數: 1
2025-07-17 06:08:22 [INFO] LED_Controller:update_status_registers:496 - 模組統計 - 運行時間: 20367秒, 操作計數: 1, 錯誤計數: 0, 連接次數: 1
2025-07-17 06:09:16 [INFO] LED_Controller:update_status_registers:496 - 模組統計 - 運行時間: 20422秒, 操作計數: 1, 錯誤計數: 0, 連接次數: 1
2025-07-17 06:10:11 [INFO] LED_Controller:update_status_registers:496 - 模組統計 - 運行時間: 20476秒, 操作計數: 1, 錯誤計數: 0, 連接次數: 1
2025-07-17 06:11:05 [INFO] LED_Controller:update_status_registers:496 - 模組統計 - 運行時間: 20530秒, 操作計數: 1, 錯誤計數: 0, 連接次數: 1
2025-07-17 06:11:59 [INFO] LED_Controller:update_status_registers:496 - 模組統計 - 運行時間: 20585秒, 操作計數: 1, 錯誤計數: 0, 連接次數: 1
2025-07-17 06:12:54 [INFO] LED_Controller:update_status_registers:496 - 模組統計 - 運行時間: 20639秒, 操作計數: 1, 錯誤計數: 0, 連接次數: 1
2025-07-17 06:13:48 [INFO] LED_Controller:update_status_registers:496 - 模組統計 - 運行時間: 20693秒, 操作計數: 1, 錯誤計數: 0, 連接次數: 1
2025-07-17 06:14:42 [INFO] LED_Controller:update_status_registers:496 - 模組統計 - 運行時間: 20747秒, 操作計數: 1, 錯誤計數: 0, 連接次數: 1
2025-07-17 06:15:36 [INFO] LED_Controller:update_status_registers:496 - 模組統計 - 運行時間: 20802秒, 操作計數: 1, 錯誤計數: 0, 連接次數: 1
2025-07-17 06:16:31 [INFO] LED_Controller:update_status_registers:496 - 模組統計 - 運行時間: 20856秒, 操作計數: 1, 錯誤計數: 0, 連接次數: 1
2025-07-17 06:17:25 [INFO] LED_Controller:update_status_registers:496 - 模組統計 - 運行時間: 20910秒, 操作計數: 1, 錯誤計數: 0, 連接次數: 1
2025-07-17 06:18:19 [INFO] LED_Controller:update_status_registers:496 - 模組統計 - 運行時間: 20965秒, 操作計數: 1, 錯誤計數: 0, 連接次數: 1
2025-07-17 06:19:13 [INFO] LED_Controller:update_status_registers:496 - 模組統計 - 運行時間: 21019秒, 操作計數: 1, 錯誤計數: 0, 連接次數: 1
2025-07-17 06:20:08 [INFO] LED_Controller:update_status_registers:496 - 模組統計 - 運行時間: 21073秒, 操作計數: 1, 錯誤計數: 0, 連接次數: 1
2025-07-17 06:21:02 [INFO] LED_Controller:update_status_registers:496 - 模組統計 - 運行時間: 21127秒, 操作計數: 1, 錯誤計數: 0, 連接次數: 1
2025-07-17 06:21:57 [INFO] LED_Controller:update_status_registers:496 - 模組統計 - 運行時間: 21182秒, 操作計數: 1, 錯誤計數: 0, 連接次數: 1
2025-07-17 06:22:51 [INFO] LED_Controller:update_status_registers:496 - 模組統計 - 運行時間: 21236秒, 操作計數: 1, 錯誤計數: 0, 連接次數: 1
2025-07-17 06:23:45 [INFO] LED_Controller:update_status_registers:496 - 模組統計 - 運行時間: 21291秒, 操作計數: 1, 錯誤計數: 0, 連接次數: 1
2025-07-17 06:24:40 [INFO] LED_Controller:update_status_registers:496 - 模組統計 - 運行時間: 21345秒, 操作計數: 1, 錯誤計數: 0, 連接次數: 1
2025-07-17 06:25:34 [INFO] LED_Controller:update_status_registers:496 - 模組統計 - 運行時間: 21399秒, 操作計數: 1, 錯誤計數: 0, 連接次數: 1
2025-07-17 06:26:28 [INFO] LED_Controller:update_status_registers:496 - 模組統計 - 運行時間: 21453秒, 操作計數: 1, 錯誤計數: 0, 連接次數: 1
2025-07-17 06:27:22 [INFO] LED_Controller:update_status_registers:496 - 模組統計 - 運行時間: 21507秒, 操作計數: 1, 錯誤計數: 0, 連接次數: 1
2025-07-17 06:28:16 [INFO] LED_Controller:update_status_registers:496 - 模組統計 - 運行時間: 21562秒, 操作計數: 1, 錯誤計數: 0, 連接次數: 1
2025-07-17 06:29:11 [INFO] LED_Controller:update_status_registers:496 - 模組統計 - 運行時間: 21616秒, 操作計數: 1, 錯誤計數: 0, 連接次數: 1
2025-07-17 06:30:05 [INFO] LED_Controller:update_status_registers:496 - 模組統計 - 運行時間: 21670秒, 操作計數: 1, 錯誤計數: 0, 連接次數: 1
2025-07-17 06:30:59 [INFO] LED_Controller:update_status_registers:496 - 模組統計 - 運行時間: 21725秒, 操作計數: 1, 錯誤計數: 0, 連接次數: 1
2025-07-17 06:31:54 [INFO] LED_Controller:update_status_registers:496 - 模組統計 - 運行時間: 21779秒, 操作計數: 1, 錯誤計數: 0, 連接次數: 1
2025-07-17 06:32:48 [INFO] LED_Controller:update_status_registers:496 - 模組統計 - 運行時間: 21833秒, 操作計數: 1, 錯誤計數: 0, 連接次數: 1
2025-07-17 06:33:42 [INFO] LED_Controller:update_status_registers:496 - 模組統計 - 運行時間: 21887秒, 操作計數: 1, 錯誤計數: 0, 連接次數: 1
2025-07-17 06:34:36 [INFO] LED_Controller:update_status_registers:496 - 模組統計 - 運行時間: 21942秒, 操作計數: 1, 錯誤計數: 0, 連接次數: 1
2025-07-17 06:35:31 [INFO] LED_Controller:update_status_registers:496 - 模組統計 - 運行時間: 21996秒, 操作計數: 1, 錯誤計數: 0, 連接次數: 1
2025-07-17 06:36:25 [INFO] LED_Controller:update_status_registers:496 - 模組統計 - 運行時間: 22050秒, 操作計數: 1, 錯誤計數: 0, 連接次數: 1
2025-07-17 06:37:20 [INFO] LED_Controller:update_status_registers:496 - 模組統計 - 運行時間: 22105秒, 操作計數: 1, 錯誤計數: 0, 連接次數: 1
2025-07-17 06:38:14 [INFO] LED_Controller:update_status_registers:496 - 模組統計 - 運行時間: 22159秒, 操作計數: 1, 錯誤計數: 0, 連接次數: 1
2025-07-17 06:39:08 [INFO] LED_Controller:update_status_registers:496 - 模組統計 - 運行時間: 22213秒, 操作計數: 1, 錯誤計數: 0, 連接次數: 1
2025-07-17 06:40:02 [INFO] LED_Controller:update_status_registers:496 - 模組統計 - 運行時間: 22268秒, 操作計數: 1, 錯誤計數: 0, 連接次數: 1
2025-07-17 06:40:57 [INFO] LED_Controller:update_status_registers:496 - 模組統計 - 運行時間: 22322秒, 操作計數: 1, 錯誤計數: 0, 連接次數: 1
2025-07-17 06:41:51 [INFO] LED_Controller:update_status_registers:496 - 模組統計 - 運行時間: 22376秒, 操作計數: 1, 錯誤計數: 0, 連接次數: 1
2025-07-17 06:42:45 [INFO] LED_Controller:update_status_registers:496 - 模組統計 - 運行時間: 22430秒, 操作計數: 1, 錯誤計數: 0, 連接次數: 1
2025-07-17 06:43:39 [INFO] LED_Controller:update_status_registers:496 - 模組統計 - 運行時間: 22485秒, 操作計數: 1, 錯誤計數: 0, 連接次數: 1
2025-07-17 06:44:34 [INFO] LED_Controller:update_status_registers:496 - 模組統計 - 運行時間: 22539秒, 操作計數: 1, 錯誤計數: 0, 連接次數: 1
2025-07-17 06:45:28 [INFO] LED_Controller:update_status_registers:496 - 模組統計 - 運行時間: 22593秒, 操作計數: 1, 錯誤計數: 0, 連接次數: 1
2025-07-17 06:46:22 [INFO] LED_Controller:update_status_registers:496 - 模組統計 - 運行時間: 22647秒, 操作計數: 1, 錯誤計數: 0, 連接次數: 1
2025-07-17 06:47:16 [INFO] LED_Controller:update_status_registers:496 - 模組統計 - 運行時間: 22702秒, 操作計數: 1, 錯誤計數: 0, 連接次數: 1
2025-07-17 06:48:11 [INFO] LED_Controller:update_status_registers:496 - 模組統計 - 運行時間: 22756秒, 操作計數: 1, 錯誤計數: 0, 連接次數: 1
2025-07-17 06:49:05 [INFO] LED_Controller:update_status_registers:496 - 模組統計 - 運行時間: 22810秒, 操作計數: 1, 錯誤計數: 0, 連接次數: 1
2025-07-17 06:49:59 [INFO] LED_Controller:update_status_registers:496 - 模組統計 - 運行時間: 22865秒, 操作計數: 1, 錯誤計數: 0, 連接次數: 1
2025-07-17 06:50:54 [INFO] LED_Controller:update_status_registers:496 - 模組統計 - 運行時間: 22919秒, 操作計數: 1, 錯誤計數: 0, 連接次數: 1
2025-07-17 06:51:48 [INFO] LED_Controller:update_status_registers:496 - 模組統計 - 運行時間: 22973秒, 操作計數: 1, 錯誤計數: 0, 連接次數: 1
2025-07-17 06:52:42 [INFO] LED_Controller:update_status_registers:496 - 模組統計 - 運行時間: 23028秒, 操作計數: 1, 錯誤計數: 0, 連接次數: 1
2025-07-17 06:53:37 [INFO] LED_Controller:update_status_registers:496 - 模組統計 - 運行時間: 23082秒, 操作計數: 1, 錯誤計數: 0, 連接次數: 1
2025-07-17 06:54:31 [INFO] LED_Controller:update_status_registers:496 - 模組統計 - 運行時間: 23136秒, 操作計數: 1, 錯誤計數: 0, 連接次數: 1
2025-07-17 06:55:25 [INFO] LED_Controller:update_status_registers:496 - 模組統計 - 運行時間: 23191秒, 操作計數: 1, 錯誤計數: 0, 連接次數: 1
2025-07-17 06:56:20 [INFO] LED_Controller:update_status_registers:496 - 模組統計 - 運行時間: 23245秒, 操作計數: 1, 錯誤計數: 0, 連接次數: 1
2025-07-17 06:57:14 [INFO] LED_Controller:update_status_registers:496 - 模組統計 - 運行時間: 23299秒, 操作計數: 1, 錯誤計數: 0, 連接次數: 1
2025-07-17 06:58:08 [INFO] LED_Controller:update_status_registers:496 - 模組統計 - 運行時間: 23353秒, 操作計數: 1, 錯誤計數: 0, 連接次數: 1
2025-07-17 06:59:02 [INFO] LED_Controller:update_status_registers:496 - 模組統計 - 運行時間: 23408秒, 操作計數: 1, 錯誤計數: 0, 連接次數: 1
2025-07-17 06:59:57 [INFO] LED_Controller:update_status_registers:496 - 模組統計 - 運行時間: 23462秒, 操作計數: 1, 錯誤計數: 0, 連接次數: 1
2025-07-17 07:00:51 [INFO] LED_Controller:update_status_registers:496 - 模組統計 - 運行時間: 23516秒, 操作計數: 1, 錯誤計數: 0, 連接次數: 1
2025-07-17 07:01:45 [INFO] LED_Controller:update_status_registers:496 - 模組統計 - 運行時間: 23571秒, 操作計數: 1, 錯誤計數: 0, 連接次數: 1
2025-07-17 07:02:40 [INFO] LED_Controller:update_status_registers:496 - 模組統計 - 運行時間: 23625秒, 操作計數: 1, 錯誤計數: 0, 連接次數: 1
2025-07-17 07:03:34 [INFO] LED_Controller:update_status_registers:496 - 模組統計 - 運行時間: 23679秒, 操作計數: 1, 錯誤計數: 0, 連接次數: 1
2025-07-17 07:04:28 [INFO] LED_Controller:update_status_registers:496 - 模組統計 - 運行時間: 23734秒, 操作計數: 1, 錯誤計數: 0, 連接次數: 1
2025-07-17 07:05:23 [INFO] LED_Controller:update_status_registers:496 - 模組統計 - 運行時間: 23788秒, 操作計數: 1, 錯誤計數: 0, 連接次數: 1
2025-07-17 07:06:17 [INFO] LED_Controller:update_status_registers:496 - 模組統計 - 運行時間: 23842秒, 操作計數: 1, 錯誤計數: 0, 連接次數: 1
2025-07-17 07:07:11 [INFO] LED_Controller:update_status_registers:496 - 模組統計 - 運行時間: 23897秒, 操作計數: 1, 錯誤計數: 0, 連接次數: 1
2025-07-17 07:08:06 [INFO] LED_Controller:update_status_registers:496 - 模組統計 - 運行時間: 23951秒, 操作計數: 1, 錯誤計數: 0, 連接次數: 1
2025-07-17 07:09:00 [INFO] LED_Controller:update_status_registers:496 - 模組統計 - 運行時間: 24005秒, 操作計數: 1, 錯誤計數: 0, 連接次數: 1
2025-07-17 07:09:54 [INFO] LED_Controller:update_status_registers:496 - 模組統計 - 運行時間: 24059秒, 操作計數: 1, 錯誤計數: 0, 連接次數: 1
2025-07-17 07:10:48 [INFO] LED_Controller:update_status_registers:496 - 模組統計 - 運行時間: 24114秒, 操作計數: 1, 錯誤計數: 0, 連接次數: 1
2025-07-17 07:11:43 [INFO] LED_Controller:update_status_registers:496 - 模組統計 - 運行時間: 24168秒, 操作計數: 1, 錯誤計數: 0, 連接次數: 1
2025-07-17 07:12:37 [INFO] LED_Controller:update_status_registers:496 - 模組統計 - 運行時間: 24222秒, 操作計數: 1, 錯誤計數: 0, 連接次數: 1
2025-07-17 07:13:31 [INFO] LED_Controller:update_status_registers:496 - 模組統計 - 運行時間: 24276秒, 操作計數: 1, 錯誤計數: 0, 連接次數: 1
2025-07-17 07:14:25 [INFO] LED_Controller:update_status_registers:496 - 模組統計 - 運行時間: 24331秒, 操作計數: 1, 錯誤計數: 0, 連接次數: 1
2025-07-17 07:15:20 [INFO] LED_Controller:update_status_registers:496 - 模組統計 - 運行時間: 24385秒, 操作計數: 1, 錯誤計數: 0, 連接次數: 1
2025-07-17 07:16:14 [INFO] LED_Controller:update_status_registers:496 - 模組統計 - 運行時間: 24439秒, 操作計數: 1, 錯誤計數: 0, 連接次數: 1
2025-07-17 07:17:08 [INFO] LED_Controller:update_status_registers:496 - 模組統計 - 運行時間: 24494秒, 操作計數: 1, 錯誤計數: 0, 連接次數: 1
2025-07-17 07:18:03 [INFO] LED_Controller:update_status_registers:496 - 模組統計 - 運行時間: 24548秒, 操作計數: 1, 錯誤計數: 0, 連接次數: 1
2025-07-17 07:18:57 [INFO] LED_Controller:update_status_registers:496 - 模組統計 - 運行時間: 24602秒, 操作計數: 1, 錯誤計數: 0, 連接次數: 1
2025-07-17 07:19:51 [INFO] LED_Controller:update_status_registers:496 - 模組統計 - 運行時間: 24656秒, 操作計數: 1, 錯誤計數: 0, 連接次數: 1
2025-07-17 07:20:46 [INFO] LED_Controller:update_status_registers:496 - 模組統計 - 運行時間: 24711秒, 操作計數: 1, 錯誤計數: 0, 連接次數: 1
2025-07-17 07:21:40 [INFO] LED_Controller:update_status_registers:496 - 模組統計 - 運行時間: 24765秒, 操作計數: 1, 錯誤計數: 0, 連接次數: 1
2025-07-17 07:22:34 [INFO] LED_Controller:update_status_registers:496 - 模組統計 - 運行時間: 24820秒, 操作計數: 1, 錯誤計數: 0, 連接次數: 1
2025-07-17 07:23:29 [INFO] LED_Controller:update_status_registers:496 - 模組統計 - 運行時間: 24874秒, 操作計數: 1, 錯誤計數: 0, 連接次數: 1
2025-07-17 07:24:23 [INFO] LED_Controller:update_status_registers:496 - 模組統計 - 運行時間: 24928秒, 操作計數: 1, 錯誤計數: 0, 連接次數: 1
2025-07-17 07:25:17 [INFO] LED_Controller:update_status_registers:496 - 模組統計 - 運行時間: 24983秒, 操作計數: 1, 錯誤計數: 0, 連接次數: 1
2025-07-17 07:26:12 [INFO] LED_Controller:update_status_registers:496 - 模組統計 - 運行時間: 25037秒, 操作計數: 1, 錯誤計數: 0, 連接次數: 1
2025-07-17 07:27:06 [INFO] LED_Controller:update_status_registers:496 - 模組統計 - 運行時間: 25091秒, 操作計數: 1, 錯誤計數: 0, 連接次數: 1
2025-07-17 07:28:00 [INFO] LED_Controller:update_status_registers:496 - 模組統計 - 運行時間: 25146秒, 操作計數: 1, 錯誤計數: 0, 連接次數: 1
2025-07-17 07:28:55 [INFO] LED_Controller:update_status_registers:496 - 模組統計 - 運行時間: 25200秒, 操作計數: 1, 錯誤計數: 0, 連接次數: 1
2025-07-17 07:29:49 [INFO] LED_Controller:update_status_registers:496 - 模組統計 - 運行時間: 25254秒, 操作計數: 1, 錯誤計數: 0, 連接次數: 1
2025-07-17 07:30:43 [INFO] LED_Controller:update_status_registers:496 - 模組統計 - 運行時間: 25308秒, 操作計數: 1, 錯誤計數: 0, 連接次數: 1
2025-07-17 07:31:38 [INFO] LED_Controller:update_status_registers:496 - 模組統計 - 運行時間: 25363秒, 操作計數: 1, 錯誤計數: 0, 連接次數: 1
2025-07-17 07:32:32 [INFO] LED_Controller:update_status_registers:496 - 模組統計 - 運行時間: 25417秒, 操作計數: 1, 錯誤計數: 0, 連接次數: 1
2025-07-17 07:33:26 [INFO] LED_Controller:update_status_registers:496 - 模組統計 - 運行時間: 25471秒, 操作計數: 1, 錯誤計數: 0, 連接次數: 1
2025-07-17 07:34:20 [INFO] LED_Controller:update_status_registers:496 - 模組統計 - 運行時間: 25526秒, 操作計數: 1, 錯誤計數: 0, 連接次數: 1
2025-07-17 07:35:15 [INFO] LED_Controller:update_status_registers:496 - 模組統計 - 運行時間: 25580秒, 操作計數: 1, 錯誤計數: 0, 連接次數: 1
2025-07-17 07:36:09 [INFO] LED_Controller:update_status_registers:496 - 模組統計 - 運行時間: 25634秒, 操作計數: 1, 錯誤計數: 0, 連接次數: 1
2025-07-17 07:37:03 [INFO] LED_Controller:update_status_registers:496 - 模組統計 - 運行時間: 25689秒, 操作計數: 1, 錯誤計數: 0, 連接次數: 1
2025-07-17 07:37:58 [INFO] LED_Controller:update_status_registers:496 - 模組統計 - 運行時間: 25743秒, 操作計數: 1, 錯誤計數: 0, 連接次數: 1
2025-07-17 07:38:52 [INFO] LED_Controller:update_status_registers:496 - 模組統計 - 運行時間: 25797秒, 操作計數: 1, 錯誤計數: 0, 連接次數: 1
2025-07-17 07:39:46 [INFO] LED_Controller:update_status_registers:496 - 模組統計 - 運行時間: 25852秒, 操作計數: 1, 錯誤計數: 0, 連接次數: 1
2025-07-17 07:40:41 [INFO] LED_Controller:update_status_registers:496 - 模組統計 - 運行時間: 25906秒, 操作計數: 1, 錯誤計數: 0, 連接次數: 1
2025-07-17 07:41:35 [INFO] LED_Controller:update_status_registers:496 - 模組統計 - 運行時間: 25960秒, 操作計數: 1, 錯誤計數: 0, 連接次數: 1
2025-07-17 07:42:29 [INFO] LED_Controller:update_status_registers:496 - 模組統計 - 運行時間: 26015秒, 操作計數: 1, 錯誤計數: 0, 連接次數: 1
2025-07-17 07:43:24 [INFO] LED_Controller:update_status_registers:496 - 模組統計 - 運行時間: 26069秒, 操作計數: 1, 錯誤計數: 0, 連接次數: 1
2025-07-17 07:44:18 [INFO] LED_Controller:update_status_registers:496 - 模組統計 - 運行時間: 26123秒, 操作計數: 1, 錯誤計數: 0, 連接次數: 1
2025-07-17 07:45:12 [INFO] LED_Controller:update_status_registers:496 - 模組統計 - 運行時間: 26178秒, 操作計數: 1, 錯誤計數: 0, 連接次數: 1
2025-07-17 07:46:07 [INFO] LED_Controller:update_status_registers:496 - 模組統計 - 運行時間: 26232秒, 操作計數: 1, 錯誤計數: 0, 連接次數: 1
2025-07-17 07:47:01 [INFO] LED_Controller:update_status_registers:496 - 模組統計 - 運行時間: 26286秒, 操作計數: 1, 錯誤計數: 0, 連接次數: 1
2025-07-17 07:47:55 [INFO] LED_Controller:update_status_registers:496 - 模組統計 - 運行時間: 26341秒, 操作計數: 1, 錯誤計數: 0, 連接次數: 1
2025-07-17 07:48:50 [INFO] LED_Controller:update_status_registers:496 - 模組統計 - 運行時間: 26395秒, 操作計數: 1, 錯誤計數: 0, 連接次數: 1
2025-07-17 07:49:44 [INFO] LED_Controller:update_status_registers:496 - 模組統計 - 運行時間: 26449秒, 操作計數: 1, 錯誤計數: 0, 連接次數: 1
2025-07-17 07:50:38 [INFO] LED_Controller:update_status_registers:496 - 模組統計 - 運行時間: 26504秒, 操作計數: 1, 錯誤計數: 0, 連接次數: 1
2025-07-17 07:51:33 [INFO] LED_Controller:update_status_registers:496 - 模組統計 - 運行時間: 26558秒, 操作計數: 1, 錯誤計數: 0, 連接次數: 1
2025-07-17 07:52:27 [INFO] LED_Controller:update_status_registers:496 - 模組統計 - 運行時間: 26612秒, 操作計數: 1, 錯誤計數: 0, 連接次數: 1
2025-07-17 07:53:21 [INFO] LED_Controller:update_status_registers:496 - 模組統計 - 運行時間: 26666秒, 操作計數: 1, 錯誤計數: 0, 連接次數: 1
2025-07-17 07:54:15 [INFO] LED_Controller:update_status_registers:496 - 模組統計 - 運行時間: 26721秒, 操作計數: 1, 錯誤計數: 0, 連接次數: 1
2025-07-17 07:55:10 [INFO] LED_Controller:update_status_registers:496 - 模組統計 - 運行時間: 26775秒, 操作計數: 1, 錯誤計數: 0, 連接次數: 1
2025-07-17 07:56:04 [INFO] LED_Controller:update_status_registers:496 - 模組統計 - 運行時間: 26829秒, 操作計數: 1, 錯誤計數: 0, 連接次數: 1
2025-07-17 07:56:58 [INFO] LED_Controller:update_status_registers:496 - 模組統計 - 運行時間: 26884秒, 操作計數: 1, 錯誤計數: 0, 連接次數: 1
2025-07-17 07:57:53 [INFO] LED_Controller:update_status_registers:496 - 模組統計 - 運行時間: 26938秒, 操作計數: 1, 錯誤計數: 0, 連接次數: 1
2025-07-17 07:58:47 [INFO] LED_Controller:update_status_registers:496 - 模組統計 - 運行時間: 26992秒, 操作計數: 1, 錯誤計數: 0, 連接次數: 1
2025-07-17 07:59:41 [INFO] LED_Controller:update_status_registers:496 - 模組統計 - 運行時間: 27046秒, 操作計數: 1, 錯誤計數: 0, 連接次數: 1
2025-07-17 08:00:35 [INFO] LED_Controller:update_status_registers:496 - 模組統計 - 運行時間: 27101秒, 操作計數: 1, 錯誤計數: 0, 連接次數: 1
2025-07-17 08:01:30 [INFO] LED_Controller:update_status_registers:496 - 模組統計 - 運行時間: 27155秒, 操作計數: 1, 錯誤計數: 0, 連接次數: 1
2025-07-17 08:02:24 [INFO] LED_Controller:update_status_registers:496 - 模組統計 - 運行時間: 27209秒, 操作計數: 1, 錯誤計數: 0, 連接次數: 1
2025-07-17 08:03:18 [INFO] LED_Controller:update_status_registers:496 - 模組統計 - 運行時間: 27264秒, 操作計數: 1, 錯誤計數: 0, 連接次數: 1
2025-07-17 08:04:13 [INFO] LED_Controller:update_status_registers:496 - 模組統計 - 運行時間: 27318秒, 操作計數: 1, 錯誤計數: 0, 連接次數: 1
2025-07-17 08:05:07 [INFO] LED_Controller:update_status_registers:496 - 模組統計 - 運行時間: 27372秒, 操作計數: 1, 錯誤計數: 0, 連接次數: 1
2025-07-17 08:06:01 [INFO] LED_Controller:update_status_registers:496 - 模組統計 - 運行時間: 27426秒, 操作計數: 1, 錯誤計數: 0, 連接次數: 1
2025-07-17 08:06:55 [INFO] LED_Controller:update_status_registers:496 - 模組統計 - 運行時間: 27481秒, 操作計數: 1, 錯誤計數: 0, 連接次數: 1
2025-07-17 08:07:50 [INFO] LED_Controller:update_status_registers:496 - 模組統計 - 運行時間: 27535秒, 操作計數: 1, 錯誤計數: 0, 連接次數: 1
2025-07-17 08:08:44 [INFO] LED_Controller:update_status_registers:496 - 模組統計 - 運行時間: 27589秒, 操作計數: 1, 錯誤計數: 0, 連接次數: 1
2025-07-17 08:09:38 [INFO] LED_Controller:update_status_registers:496 - 模組統計 - 運行時間: 27644秒, 操作計數: 1, 錯誤計數: 0, 連接次數: 1
2025-07-17 08:10:33 [INFO] LED_Controller:update_status_registers:496 - 模組統計 - 運行時間: 27698秒, 操作計數: 1, 錯誤計數: 0, 連接次數: 1
2025-07-17 08:11:27 [INFO] LED_Controller:update_status_registers:496 - 模組統計 - 運行時間: 27752秒, 操作計數: 1, 錯誤計數: 0, 連接次數: 1
2025-07-17 08:12:21 [INFO] LED_Controller:update_status_registers:496 - 模組統計 - 運行時間: 27806秒, 操作計數: 1, 錯誤計數: 0, 連接次數: 1
2025-07-17 08:13:15 [INFO] LED_Controller:update_status_registers:496 - 模組統計 - 運行時間: 27861秒, 操作計數: 1, 錯誤計數: 0, 連接次數: 1
2025-07-17 08:14:10 [INFO] LED_Controller:update_status_registers:496 - 模組統計 - 運行時間: 27915秒, 操作計數: 1, 錯誤計數: 0, 連接次數: 1
2025-07-17 08:15:04 [INFO] LED_Controller:update_status_registers:496 - 模組統計 - 運行時間: 27969秒, 操作計數: 1, 錯誤計數: 0, 連接次數: 1
2025-07-17 08:15:58 [INFO] LED_Controller:update_status_registers:496 - 模組統計 - 運行時間: 28024秒, 操作計數: 1, 錯誤計數: 0, 連接次數: 1
2025-07-17 08:16:53 [INFO] LED_Controller:update_status_registers:496 - 模組統計 - 運行時間: 28078秒, 操作計數: 1, 錯誤計數: 0, 連接次數: 1
2025-07-17 08:17:47 [INFO] LED_Controller:update_status_registers:496 - 模組統計 - 運行時間: 28132秒, 操作計數: 1, 錯誤計數: 0, 連接次數: 1
2025-07-17 08:18:41 [INFO] LED_Controller:update_status_registers:496 - 模組統計 - 運行時間: 28187秒, 操作計數: 1, 錯誤計數: 0, 連接次數: 1
2025-07-17 08:19:36 [INFO] LED_Controller:update_status_registers:496 - 模組統計 - 運行時間: 28241秒, 操作計數: 1, 錯誤計數: 0, 連接次數: 1
2025-07-17 08:20:30 [INFO] LED_Controller:update_status_registers:496 - 模組統計 - 運行時間: 28295秒, 操作計數: 1, 錯誤計數: 0, 連接次數: 1
2025-07-17 08:21:24 [INFO] LED_Controller:update_status_registers:496 - 模組統計 - 運行時間: 28349秒, 操作計數: 1, 錯誤計數: 0, 連接次數: 1
2025-07-17 08:22:18 [INFO] LED_Controller:update_status_registers:496 - 模組統計 - 運行時間: 28404秒, 操作計數: 1, 錯誤計數: 0, 連接次數: 1
2025-07-17 08:23:13 [INFO] LED_Controller:update_status_registers:496 - 模組統計 - 運行時間: 28458秒, 操作計數: 1, 錯誤計數: 0, 連接次數: 1
2025-07-17 08:24:07 [INFO] LED_Controller:update_status_registers:496 - 模組統計 - 運行時間: 28512秒, 操作計數: 1, 錯誤計數: 0, 連接次數: 1
2025-07-17 08:25:01 [INFO] LED_Controller:update_status_registers:496 - 模組統計 - 運行時間: 28566秒, 操作計數: 1, 錯誤計數: 0, 連接次數: 1
2025-07-17 08:25:55 [INFO] LED_Controller:update_status_registers:496 - 模組統計 - 運行時間: 28621秒, 操作計數: 1, 錯誤計數: 0, 連接次數: 1
2025-07-17 08:26:50 [INFO] LED_Controller:update_status_registers:496 - 模組統計 - 運行時間: 28675秒, 操作計數: 1, 錯誤計數: 0, 連接次數: 1
2025-07-17 08:27:44 [INFO] LED_Controller:update_status_registers:496 - 模組統計 - 運行時間: 28729秒, 操作計數: 1, 錯誤計數: 0, 連接次數: 1
2025-07-17 08:28:38 [INFO] LED_Controller:update_status_registers:496 - 模組統計 - 運行時間: 28784秒, 操作計數: 1, 錯誤計數: 0, 連接次數: 1
2025-07-17 08:29:33 [INFO] LED_Controller:update_status_registers:496 - 模組統計 - 運行時間: 28838秒, 操作計數: 1, 錯誤計數: 0, 連接次數: 1
2025-07-17 08:30:27 [INFO] LED_Controller:update_status_registers:496 - 模組統計 - 運行時間: 28892秒, 操作計數: 1, 錯誤計數: 0, 連接次數: 1
2025-07-17 08:31:21 [INFO] LED_Controller:update_status_registers:496 - 模組統計 - 運行時間: 28946秒, 操作計數: 1, 錯誤計數: 0, 連接次數: 1
2025-07-17 08:32:15 [INFO] LED_Controller:update_status_registers:496 - 模組統計 - 運行時間: 29001秒, 操作計數: 1, 錯誤計數: 0, 連接次數: 1
2025-07-17 08:33:10 [INFO] LED_Controller:update_status_registers:496 - 模組統計 - 運行時間: 29055秒, 操作計數: 1, 錯誤計數: 0, 連接次數: 1
2025-07-17 08:34:04 [INFO] LED_Controller:update_status_registers:496 - 模組統計 - 運行時間: 29109秒, 操作計數: 1, 錯誤計數: 0, 連接次數: 1
2025-07-17 08:34:58 [INFO] LED_Controller:update_status_registers:496 - 模組統計 - 運行時間: 29164秒, 操作計數: 1, 錯誤計數: 0, 連接次數: 1
2025-07-17 08:35:53 [INFO] LED_Controller:update_status_registers:496 - 模組統計 - 運行時間: 29218秒, 操作計數: 1, 錯誤計數: 0, 連接次數: 1
2025-07-17 08:36:47 [INFO] LED_Controller:update_status_registers:496 - 模組統計 - 運行時間: 29272秒, 操作計數: 1, 錯誤計數: 0, 連接次數: 1
2025-07-17 08:37:41 [INFO] LED_Controller:update_status_registers:496 - 模組統計 - 運行時間: 29326秒, 操作計數: 1, 錯誤計數: 0, 連接次數: 1
2025-07-17 08:38:35 [INFO] LED_Controller:update_status_registers:496 - 模組統計 - 運行時間: 29381秒, 操作計數: 1, 錯誤計數: 0, 連接次數: 1
2025-07-17 08:39:30 [INFO] LED_Controller:update_status_registers:496 - 模組統計 - 運行時間: 29435秒, 操作計數: 1, 錯誤計數: 0, 連接次數: 1
2025-07-17 08:40:24 [INFO] LED_Controller:update_status_registers:496 - 模組統計 - 運行時間: 29489秒, 操作計數: 1, 錯誤計數: 0, 連接次數: 1
2025-07-17 08:41:18 [INFO] LED_Controller:update_status_registers:496 - 模組統計 - 運行時間: 29543秒, 操作計數: 1, 錯誤計數: 0, 連接次數: 1
2025-07-17 08:42:12 [INFO] LED_Controller:update_status_registers:496 - 模組統計 - 運行時間: 29598秒, 操作計數: 1, 錯誤計數: 0, 連接次數: 1
2025-07-17 08:43:07 [INFO] LED_Controller:update_status_registers:496 - 模組統計 - 運行時間: 29652秒, 操作計數: 1, 錯誤計數: 0, 連接次數: 1
2025-07-17 08:44:01 [INFO] LED_Controller:update_status_registers:496 - 模組統計 - 運行時間: 29706秒, 操作計數: 1, 錯誤計數: 0, 連接次數: 1
2025-07-17 08:44:55 [INFO] LED_Controller:update_status_registers:496 - 模組統計 - 運行時間: 29760秒, 操作計數: 1, 錯誤計數: 0, 連接次數: 1
2025-07-17 08:45:49 [INFO] LED_Controller:update_status_registers:496 - 模組統計 - 運行時間: 29815秒, 操作計數: 1, 錯誤計數: 0, 連接次數: 1
2025-07-17 08:46:44 [INFO] LED_Controller:update_status_registers:496 - 模組統計 - 運行時間: 29869秒, 操作計數: 1, 錯誤計數: 0, 連接次數: 1
2025-07-17 08:47:38 [INFO] LED_Controller:update_status_registers:496 - 模組統計 - 運行時間: 29923秒, 操作計數: 1, 錯誤計數: 0, 連接次數: 1
2025-07-17 08:48:32 [INFO] LED_Controller:update_status_registers:496 - 模組統計 - 運行時間: 29977秒, 操作計數: 1, 錯誤計數: 0, 連接次數: 1
2025-07-17 08:49:26 [INFO] LED_Controller:update_status_registers:496 - 模組統計 - 運行時間: 30032秒, 操作計數: 1, 錯誤計數: 0, 連接次數: 1
2025-07-17 08:50:21 [INFO] LED_Controller:update_status_registers:496 - 模組統計 - 運行時間: 30086秒, 操作計數: 1, 錯誤計數: 0, 連接次數: 1
2025-07-17 08:51:15 [INFO] LED_Controller:update_status_registers:496 - 模組統計 - 運行時間: 30140秒, 操作計數: 1, 錯誤計數: 0, 連接次數: 1
2025-07-17 08:52:09 [INFO] LED_Controller:update_status_registers:496 - 模組統計 - 運行時間: 30195秒, 操作計數: 1, 錯誤計數: 0, 連接次數: 1
2025-07-17 08:53:04 [INFO] LED_Controller:update_status_registers:496 - 模組統計 - 運行時間: 30249秒, 操作計數: 1, 錯誤計數: 0, 連接次數: 1
2025-07-17 08:53:58 [INFO] LED_Controller:update_status_registers:496 - 模組統計 - 運行時間: 30303秒, 操作計數: 1, 錯誤計數: 0, 連接次數: 1
2025-07-17 08:54:52 [INFO] LED_Controller:update_status_registers:496 - 模組統計 - 運行時間: 30358秒, 操作計數: 1, 錯誤計數: 0, 連接次數: 1
2025-07-17 08:55:47 [INFO] LED_Controller:update_status_registers:496 - 模組統計 - 運行時間: 30412秒, 操作計數: 1, 錯誤計數: 0, 連接次數: 1
2025-07-17 08:56:41 [INFO] LED_Controller:update_status_registers:496 - 模組統計 - 運行時間: 30466秒, 操作計數: 1, 錯誤計數: 0, 連接次數: 1
2025-07-17 08:57:35 [INFO] LED_Controller:update_status_registers:496 - 模組統計 - 運行時間: 30520秒, 操作計數: 1, 錯誤計數: 0, 連接次數: 1
2025-07-17 08:58:29 [INFO] LED_Controller:update_status_registers:496 - 模組統計 - 運行時間: 30575秒, 操作計數: 1, 錯誤計數: 0, 連接次數: 1
2025-07-17 08:59:24 [INFO] LED_Controller:update_status_registers:496 - 模組統計 - 運行時間: 30629秒, 操作計數: 1, 錯誤計數: 0, 連接次數: 1
2025-07-17 09:00:18 [INFO] LED_Controller:update_status_registers:496 - 模組統計 - 運行時間: 30683秒, 操作計數: 1, 錯誤計數: 0, 連接次數: 1
2025-07-17 09:01:12 [INFO] LED_Controller:update_status_registers:496 - 模組統計 - 運行時間: 30737秒, 操作計數: 1, 錯誤計數: 0, 連接次數: 1
2025-07-17 09:02:06 [INFO] LED_Controller:update_status_registers:496 - 模組統計 - 運行時間: 30792秒, 操作計數: 1, 錯誤計數: 0, 連接次數: 1
2025-07-17 09:03:01 [INFO] LED_Controller:update_status_registers:496 - 模組統計 - 運行時間: 30846秒, 操作計數: 1, 錯誤計數: 0, 連接次數: 1
2025-07-17 09:03:55 [INFO] LED_Controller:update_status_registers:496 - 模組統計 - 運行時間: 30900秒, 操作計數: 1, 錯誤計數: 0, 連接次數: 1
2025-07-17 09:04:49 [INFO] LED_Controller:update_status_registers:496 - 模組統計 - 運行時間: 30954秒, 操作計數: 1, 錯誤計數: 0, 連接次數: 1
2025-07-17 09:05:44 [INFO] LED_Controller:update_status_registers:496 - 模組統計 - 運行時間: 31009秒, 操作計數: 1, 錯誤計數: 0, 連接次數: 1
2025-07-17 09:06:38 [INFO] LED_Controller:update_status_registers:496 - 模組統計 - 運行時間: 31063秒, 操作計數: 1, 錯誤計數: 0, 連接次數: 1
2025-07-17 09:07:32 [INFO] LED_Controller:update_status_registers:496 - 模組統計 - 運行時間: 31117秒, 操作計數: 1, 錯誤計數: 0, 連接次數: 1
2025-07-17 09:08:26 [INFO] LED_Controller:update_status_registers:496 - 模組統計 - 運行時間: 31172秒, 操作計數: 1, 錯誤計數: 0, 連接次數: 1
2025-07-17 09:09:21 [INFO] LED_Controller:update_status_registers:496 - 模組統計 - 運行時間: 31226秒, 操作計數: 1, 錯誤計數: 0, 連接次數: 1
2025-07-17 09:10:15 [INFO] LED_Controller:update_status_registers:496 - 模組統計 - 運行時間: 31280秒, 操作計數: 1, 錯誤計數: 0, 連接次數: 1
2025-07-17 09:11:09 [INFO] LED_Controller:update_status_registers:496 - 模組統計 - 運行時間: 31335秒, 操作計數: 1, 錯誤計數: 0, 連接次數: 1
2025-07-17 09:12:04 [INFO] LED_Controller:update_status_registers:496 - 模組統計 - 運行時間: 31389秒, 操作計數: 1, 錯誤計數: 0, 連接次數: 1
2025-07-17 09:12:58 [INFO] LED_Controller:update_status_registers:496 - 模組統計 - 運行時間: 31443秒, 操作計數: 1, 錯誤計數: 0, 連接次數: 1
2025-07-17 09:13:52 [INFO] LED_Controller:update_status_registers:496 - 模組統計 - 運行時間: 31497秒, 操作計數: 1, 錯誤計數: 0, 連接次數: 1
2025-07-17 09:14:46 [INFO] LED_Controller:update_status_registers:496 - 模組統計 - 運行時間: 31552秒, 操作計數: 1, 錯誤計數: 0, 連接次數: 1
2025-07-17 09:15:41 [INFO] LED_Controller:update_status_registers:496 - 模組統計 - 運行時間: 31606秒, 操作計數: 1, 錯誤計數: 0, 連接次數: 1
2025-07-17 09:16:35 [INFO] LED_Controller:update_status_registers:496 - 模組統計 - 運行時間: 31660秒, 操作計數: 1, 錯誤計數: 0, 連接次數: 1
2025-07-17 09:17:29 [INFO] LED_Controller:update_status_registers:496 - 模組統計 - 運行時間: 31715秒, 操作計數: 1, 錯誤計數: 0, 連接次數: 1
2025-07-17 09:18:24 [INFO] LED_Controller:update_status_registers:496 - 模組統計 - 運行時間: 31769秒, 操作計數: 1, 錯誤計數: 0, 連接次數: 1
2025-07-17 09:19:18 [INFO] LED_Controller:update_status_registers:496 - 模組統計 - 運行時間: 31823秒, 操作計數: 1, 錯誤計數: 0, 連接次數: 1
2025-07-17 09:20:12 [INFO] LED_Controller:update_status_registers:496 - 模組統計 - 運行時間: 31877秒, 操作計數: 1, 錯誤計數: 0, 連接次數: 1
2025-07-17 09:21:06 [INFO] LED_Controller:update_status_registers:496 - 模組統計 - 運行時間: 31932秒, 操作計數: 1, 錯誤計數: 0, 連接次數: 1
2025-07-17 09:22:01 [INFO] LED_Controller:update_status_registers:496 - 模組統計 - 運行時間: 31986秒, 操作計數: 1, 錯誤計數: 0, 連接次數: 1
2025-07-17 09:22:55 [INFO] LED_Controller:update_status_registers:496 - 模組統計 - 運行時間: 32040秒, 操作計數: 1, 錯誤計數: 0, 連接次數: 1
2025-07-17 09:23:49 [INFO] LED_Controller:update_status_registers:496 - 模組統計 - 運行時間: 32094秒, 操作計數: 1, 錯誤計數: 0, 連接次數: 1
2025-07-17 09:24:43 [INFO] LED_Controller:update_status_registers:496 - 模組統計 - 運行時間: 32149秒, 操作計數: 1, 錯誤計數: 0, 連接次數: 1
2025-07-17 09:25:38 [INFO] LED_Controller:update_status_registers:496 - 模組統計 - 運行時間: 32203秒, 操作計數: 1, 錯誤計數: 0, 連接次數: 1
2025-07-17 09:26:32 [INFO] LED_Controller:update_status_registers:496 - 模組統計 - 運行時間: 32257秒, 操作計數: 1, 錯誤計數: 0, 連接次數: 1
2025-07-17 09:27:26 [INFO] LED_Controller:update_status_registers:496 - 模組統計 - 運行時間: 32311秒, 操作計數: 1, 錯誤計數: 0, 連接次數: 1
2025-07-17 09:28:19 [INFO] LED_Controller:update_status_registers:496 - 模組統計 - 運行時間: 32364秒, 操作計數: 1, 錯誤計數: 0, 連接次數: 1
2025-07-17 09:29:13 [INFO] LED_Controller:update_status_registers:496 - 模組統計 - 運行時間: 32418秒, 操作計數: 1, 錯誤計數: 0, 連接次數: 1
2025-07-17 09:30:08 [INFO] LED_Controller:update_status_registers:496 - 模組統計 - 運行時間: 32473秒, 操作計數: 1, 錯誤計數: 0, 連接次數: 1
2025-07-17 09:31:02 [INFO] LED_Controller:update_status_registers:496 - 模組統計 - 運行時間: 32527秒, 操作計數: 1, 錯誤計數: 0, 連接次數: 1
2025-07-17 09:31:56 [INFO] LED_Controller:update_status_registers:496 - 模組統計 - 運行時間: 32581秒, 操作計數: 1, 錯誤計數: 0, 連接次數: 1
2025-07-17 09:32:50 [INFO] LED_Controller:update_status_registers:496 - 模組統計 - 運行時間: 32636秒, 操作計數: 1, 錯誤計數: 0, 連接次數: 1
2025-07-17 09:33:45 [INFO] LED_Controller:update_status_registers:496 - 模組統計 - 運行時間: 32690秒, 操作計數: 1, 錯誤計數: 0, 連接次數: 1
2025-07-17 09:34:39 [INFO] LED_Controller:update_status_registers:496 - 模組統計 - 運行時間: 32744秒, 操作計數: 1, 錯誤計數: 0, 連接次數: 1
2025-07-17 09:35:33 [INFO] LED_Controller:update_status_registers:496 - 模組統計 - 運行時間: 32799秒, 操作計數: 1, 錯誤計數: 0, 連接次數: 1
2025-07-17 09:36:28 [INFO] LED_Controller:update_status_registers:496 - 模組統計 - 運行時間: 32853秒, 操作計數: 1, 錯誤計數: 0, 連接次數: 1
2025-07-17 09:37:22 [INFO] LED_Controller:update_status_registers:496 - 模組統計 - 運行時間: 32907秒, 操作計數: 1, 錯誤計數: 0, 連接次數: 1
2025-07-17 09:38:16 [INFO] LED_Controller:update_status_registers:496 - 模組統計 - 運行時間: 32961秒, 操作計數: 1, 錯誤計數: 0, 連接次數: 1
2025-07-17 09:39:10 [INFO] LED_Controller:update_status_registers:496 - 模組統計 - 運行時間: 33016秒, 操作計數: 1, 錯誤計數: 0, 連接次數: 1
2025-07-17 09:40:05 [INFO] LED_Controller:update_status_registers:496 - 模組統計 - 運行時間: 33070秒, 操作計數: 1, 錯誤計數: 0, 連接次數: 1
2025-07-17 09:40:59 [INFO] LED_Controller:update_status_registers:496 - 模組統計 - 運行時間: 33124秒, 操作計數: 1, 錯誤計數: 0, 連接次數: 1
2025-07-17 09:41:53 [INFO] LED_Controller:update_status_registers:496 - 模組統計 - 運行時間: 33179秒, 操作計數: 1, 錯誤計數: 0, 連接次數: 1
2025-07-17 09:42:48 [INFO] LED_Controller:update_status_registers:496 - 模組統計 - 運行時間: 33233秒, 操作計數: 1, 錯誤計數: 0, 連接次數: 1
2025-07-17 09:43:42 [INFO] LED_Controller:update_status_registers:496 - 模組統計 - 運行時間: 33287秒, 操作計數: 1, 錯誤計數: 0, 連接次數: 1
2025-07-17 09:44:36 [INFO] LED_Controller:update_status_registers:496 - 模組統計 - 運行時間: 33342秒, 操作計數: 1, 錯誤計數: 0, 連接次數: 1
2025-07-17 09:45:31 [INFO] LED_Controller:update_status_registers:496 - 模組統計 - 運行時間: 33396秒, 操作計數: 1, 錯誤計數: 0, 連接次數: 1
2025-07-17 09:46:25 [INFO] LED_Controller:update_status_registers:496 - 模組統計 - 運行時間: 33450秒, 操作計數: 1, 錯誤計數: 0, 連接次數: 1
2025-07-17 09:47:19 [INFO] LED_Controller:update_status_registers:496 - 模組統計 - 運行時間: 33505秒, 操作計數: 1, 錯誤計數: 0, 連接次數: 1
2025-07-17 09:48:14 [INFO] LED_Controller:update_status_registers:496 - 模組統計 - 運行時間: 33559秒, 操作計數: 1, 錯誤計數: 0, 連接次數: 1
2025-07-17 09:49:08 [INFO] LED_Controller:update_status_registers:496 - 模組統計 - 運行時間: 33613秒, 操作計數: 1, 錯誤計數: 0, 連接次數: 1
2025-07-17 09:50:02 [INFO] LED_Controller:update_status_registers:496 - 模組統計 - 運行時間: 33667秒, 操作計數: 1, 錯誤計數: 0, 連接次數: 1
2025-07-17 09:50:57 [INFO] LED_Controller:update_status_registers:496 - 模組統計 - 運行時間: 33722秒, 操作計數: 1, 錯誤計數: 0, 連接次數: 1
2025-07-17 09:51:51 [INFO] LED_Controller:update_status_registers:496 - 模組統計 - 運行時間: 33776秒, 操作計數: 1, 錯誤計數: 0, 連接次數: 1
2025-07-17 09:52:45 [INFO] LED_Controller:update_status_registers:496 - 模組統計 - 運行時間: 33830秒, 操作計數: 1, 錯誤計數: 0, 連接次數: 1
2025-07-17 09:53:39 [INFO] LED_Controller:update_status_registers:496 - 模組統計 - 運行時間: 33885秒, 操作計數: 1, 錯誤計數: 0, 連接次數: 1
2025-07-17 09:54:34 [INFO] LED_Controller:update_status_registers:496 - 模組統計 - 運行時間: 33939秒, 操作計數: 1, 錯誤計數: 0, 連接次數: 1
2025-07-17 09:55:28 [INFO] LED_Controller:update_status_registers:496 - 模組統計 - 運行時間: 33993秒, 操作計數: 1, 錯誤計數: 0, 連接次數: 1
2025-07-17 09:56:22 [INFO] LED_Controller:update_status_registers:496 - 模組統計 - 運行時間: 34047秒, 操作計數: 1, 錯誤計數: 0, 連接次數: 1
2025-07-17 09:57:16 [INFO] LED_Controller:update_status_registers:496 - 模組統計 - 運行時間: 34102秒, 操作計數: 1, 錯誤計數: 0, 連接次數: 1
2025-07-17 09:58:11 [INFO] LED_Controller:update_status_registers:496 - 模組統計 - 運行時間: 34156秒, 操作計數: 1, 錯誤計數: 0, 連接次數: 1
2025-07-17 09:59:05 [INFO] LED_Controller:update_status_registers:496 - 模組統計 - 運行時間: 34210秒, 操作計數: 1, 錯誤計數: 0, 連接次數: 1
2025-07-17 09:59:59 [INFO] LED_Controller:update_status_registers:496 - 模組統計 - 運行時間: 34265秒, 操作計數: 1, 錯誤計數: 0, 連接次數: 1
2025-07-17 10:00:54 [INFO] LED_Controller:update_status_registers:496 - 模組統計 - 運行時間: 34319秒, 操作計數: 1, 錯誤計數: 0, 連接次數: 1
2025-07-17 10:01:48 [INFO] LED_Controller:update_status_registers:496 - 模組統計 - 運行時間: 34373秒, 操作計數: 1, 錯誤計數: 0, 連接次數: 1
2025-07-17 10:02:42 [INFO] LED_Controller:update_status_registers:496 - 模組統計 - 運行時間: 34427秒, 操作計數: 1, 錯誤計數: 0, 連接次數: 1
2025-07-17 10:03:36 [INFO] LED_Controller:update_status_registers:496 - 模組統計 - 運行時間: 34482秒, 操作計數: 1, 錯誤計數: 0, 連接次數: 1
2025-07-17 10:04:31 [INFO] LED_Controller:update_status_registers:496 - 模組統計 - 運行時間: 34536秒, 操作計數: 1, 錯誤計數: 0, 連接次數: 1
2025-07-17 10:04:39 [INFO] LED_Controller:stop:615 - 正在停止LED控制器模組...
2025-07-17 10:04:39 [INFO] LED_Controller:stop:622 - 關閉所有LED通道
2025-07-17 10:04:39 [INFO] LED_Controller:main_loop:584 - 主循環執行緒已停止
2025-07-17 10:04:39 [DEBUG] LED_Controller:send_serial_command:287 - 發送: CH1:0 | 回應: CH1:0
2025-07-17 10:04:39 [DEBUG] LED_Controller:send_serial_command:287 - 發送: CH2:0 | 回應: CH2:0
2025-07-17 10:04:39 [INFO] LED_Controller:stop:615 - 正在停止LED控制器模組...
2025-07-17 10:04:39 [INFO] LED_Controller:stop:622 - 關閉所有LED通道
2025-07-17 10:04:39 [DEBUG] LED_Controller:send_serial_command:287 - 發送: CH1:0 | 回應: CH1:0
2025-07-17 10:04:39 [DEBUG] LED_Controller:send_serial_command:287 - 發送: CH2:0 | 回應: CH2:0
2025-07-17 10:04:39 [INFO] LED_Controller:stop:615 - 正在停止LED控制器模組...
2025-07-17 10:04:39 [INFO] LED_Controller:stop:622 - 關閉所有LED通道
2025-07-17 10:04:39 [DEBUG] LED_Controller:send_serial_command:287 - 發送: CH1:0 | 回應: CH1:0
2025-07-17 10:04:39 [DEBUG] LED_Controller:send_serial_command:287 - 發送: CH2:0 | 回應: CH2:0
2025-07-17 10:04:39 [INFO] LED_Controller:stop:615 - 正在停止LED控制器模組...
2025-07-17 10:04:39 [INFO] LED_Controller:stop:622 - 關閉所有LED通道
2025-07-17 10:04:39 [DEBUG] LED_Controller:send_serial_command:287 - 發送: CH1:0 | 回應: CH1:0
2025-07-17 10:04:39 [DEBUG] LED_Controller:send_serial_command:287 - 發送: CH2:0 | 回應: CH2:0
2025-07-17 10:04:39 [DEBUG] LED_Controller:send_serial_command:287 - 發送: CH3:0 | 回應: CH3:0
2025-07-17 10:04:40 [DEBUG] LED_Controller:send_serial_command:287 - 發送: CH4:0 | 回應: CH4:0
2025-07-17 10:04:40 [INFO] LED_Controller:stop:641 - 串口連接已關閉
2025-07-17 10:04:40 [INFO] LED_Controller:stop:648 - Modbus TCP連接已關閉
2025-07-17 10:04:40 [INFO] LED_Controller:stop:662 - LED控制器模組已停止 - 總運行時間: 34545秒, 總操作次數: 11, 總錯誤次數: 0
2025-07-17 10:04:40 [INFO] LED_Controller:stop:615 - 正在停止LED控制器模組...
2025-07-17 10:04:40 [INFO] LED_Controller:stop:622 - 關閉所有LED通道
2025-07-17 10:04:40 [ERROR] LED_Controller:send_serial_command:295 - 發送串口指令失敗: Attempting to use a port that is not open
Traceback (most recent call last):
  File "c:\Users\user\Documents\GitHub\DobotDR\LOG\Automation\light\LED_main.py", line 726, in main
    time.sleep(1)
  File "c:\Users\user\Documents\GitHub\DobotDR\LOG\Automation\light\LED_main.py", line 709, in signal_handler
    led_client.stop()
  File "c:\Users\user\Documents\GitHub\DobotDR\LOG\Automation\light\LED_main.py", line 625, in stop
    time.sleep(0.05)
  File "c:\Users\user\Documents\GitHub\DobotDR\LOG\Automation\light\LED_main.py", line 709, in signal_handler
    led_client.stop()
  File "c:\Users\user\Documents\GitHub\DobotDR\LOG\Automation\light\LED_main.py", line 625, in stop
    time.sleep(0.05)
  File "c:\Users\user\Documents\GitHub\DobotDR\LOG\Automation\light\LED_main.py", line 709, in signal_handler
    led_client.stop()
  File "c:\Users\user\Documents\GitHub\DobotDR\LOG\Automation\light\LED_main.py", line 625, in stop
    time.sleep(0.05)
  File "c:\Users\user\Documents\GitHub\DobotDR\LOG\Automation\light\LED_main.py", line 710, in signal_handler
    sys.exit(0)
SystemExit: 0

During handling of the above exception, another exception occurred:

Traceback (most recent call last):
  File "c:\Users\user\Documents\GitHub\DobotDR\LOG\Automation\light\LED_main.py", line 280, in send_serial_command
    self.serial_connection.write(full_command.encode('ascii'))
  File "C:\Users\user\anaconda3\envs\ROBOT\Lib\site-packages\serial\serialwin32.py", line 306, in write
    raise PortNotOpenError()
serial.serialutil.PortNotOpenError: Attempting to use a port that is not open
2025-07-17 10:04:40 [ERROR] LED_Controller:send_serial_command:295 - 發送串口指令失敗: Attempting to use a port that is not open
Traceback (most recent call last):
  File "c:\Users\user\Documents\GitHub\DobotDR\LOG\Automation\light\LED_main.py", line 726, in main
    time.sleep(1)
  File "c:\Users\user\Documents\GitHub\DobotDR\LOG\Automation\light\LED_main.py", line 709, in signal_handler
    led_client.stop()
  File "c:\Users\user\Documents\GitHub\DobotDR\LOG\Automation\light\LED_main.py", line 625, in stop
    time.sleep(0.05)
  File "c:\Users\user\Documents\GitHub\DobotDR\LOG\Automation\light\LED_main.py", line 709, in signal_handler
    led_client.stop()
  File "c:\Users\user\Documents\GitHub\DobotDR\LOG\Automation\light\LED_main.py", line 625, in stop
    time.sleep(0.05)
  File "c:\Users\user\Documents\GitHub\DobotDR\LOG\Automation\light\LED_main.py", line 709, in signal_handler
    led_client.stop()
  File "c:\Users\user\Documents\GitHub\DobotDR\LOG\Automation\light\LED_main.py", line 625, in stop
    time.sleep(0.05)
  File "c:\Users\user\Documents\GitHub\DobotDR\LOG\Automation\light\LED_main.py", line 710, in signal_handler
    sys.exit(0)
SystemExit: 0

During handling of the above exception, another exception occurred:

Traceback (most recent call last):
  File "c:\Users\user\Documents\GitHub\DobotDR\LOG\Automation\light\LED_main.py", line 280, in send_serial_command
    self.serial_connection.write(full_command.encode('ascii'))
  File "C:\Users\user\anaconda3\envs\ROBOT\Lib\site-packages\serial\serialwin32.py", line 306, in write
    raise PortNotOpenError()
serial.serialutil.PortNotOpenError: Attempting to use a port that is not open
2025-07-17 10:04:40 [ERROR] LED_Controller:send_serial_command:295 - 發送串口指令失敗: Attempting to use a port that is not open
Traceback (most recent call last):
  File "c:\Users\user\Documents\GitHub\DobotDR\LOG\Automation\light\LED_main.py", line 726, in main
    time.sleep(1)
  File "c:\Users\user\Documents\GitHub\DobotDR\LOG\Automation\light\LED_main.py", line 709, in signal_handler
    led_client.stop()
  File "c:\Users\user\Documents\GitHub\DobotDR\LOG\Automation\light\LED_main.py", line 625, in stop
    time.sleep(0.05)
  File "c:\Users\user\Documents\GitHub\DobotDR\LOG\Automation\light\LED_main.py", line 709, in signal_handler
    led_client.stop()
  File "c:\Users\user\Documents\GitHub\DobotDR\LOG\Automation\light\LED_main.py", line 625, in stop
    time.sleep(0.05)
  File "c:\Users\user\Documents\GitHub\DobotDR\LOG\Automation\light\LED_main.py", line 709, in signal_handler
    led_client.stop()
  File "c:\Users\user\Documents\GitHub\DobotDR\LOG\Automation\light\LED_main.py", line 625, in stop
    time.sleep(0.05)
  File "c:\Users\user\Documents\GitHub\DobotDR\LOG\Automation\light\LED_main.py", line 710, in signal_handler
    sys.exit(0)
SystemExit: 0

During handling of the above exception, another exception occurred:

Traceback (most recent call last):
  File "c:\Users\user\Documents\GitHub\DobotDR\LOG\Automation\light\LED_main.py", line 280, in send_serial_command
    self.serial_connection.write(full_command.encode('ascii'))
  File "C:\Users\user\anaconda3\envs\ROBOT\Lib\site-packages\serial\serialwin32.py", line 306, in write
    raise PortNotOpenError()
serial.serialutil.PortNotOpenError: Attempting to use a port that is not open
2025-07-17 10:04:40 [ERROR] LED_Controller:send_serial_command:295 - 發送串口指令失敗: Attempting to use a port that is not open
Traceback (most recent call last):
  File "c:\Users\user\Documents\GitHub\DobotDR\LOG\Automation\light\LED_main.py", line 726, in main
    time.sleep(1)
  File "c:\Users\user\Documents\GitHub\DobotDR\LOG\Automation\light\LED_main.py", line 709, in signal_handler
    led_client.stop()
  File "c:\Users\user\Documents\GitHub\DobotDR\LOG\Automation\light\LED_main.py", line 625, in stop
    time.sleep(0.05)
  File "c:\Users\user\Documents\GitHub\DobotDR\LOG\Automation\light\LED_main.py", line 709, in signal_handler
    led_client.stop()
  File "c:\Users\user\Documents\GitHub\DobotDR\LOG\Automation\light\LED_main.py", line 625, in stop
    time.sleep(0.05)
  File "c:\Users\user\Documents\GitHub\DobotDR\LOG\Automation\light\LED_main.py", line 709, in signal_handler
    led_client.stop()
  File "c:\Users\user\Documents\GitHub\DobotDR\LOG\Automation\light\LED_main.py", line 625, in stop
    time.sleep(0.05)
  File "c:\Users\user\Documents\GitHub\DobotDR\LOG\Automation\light\LED_main.py", line 710, in signal_handler
    sys.exit(0)
SystemExit: 0

During handling of the above exception, another exception occurred:

Traceback (most recent call last):
  File "c:\Users\user\Documents\GitHub\DobotDR\LOG\Automation\light\LED_main.py", line 280, in send_serial_command
    self.serial_connection.write(full_command.encode('ascii'))
  File "C:\Users\user\anaconda3\envs\ROBOT\Lib\site-packages\serial\serialwin32.py", line 306, in write
    raise PortNotOpenError()
serial.serialutil.PortNotOpenError: Attempting to use a port that is not open
2025-07-17 10:04:40 [INFO] LED_Controller:stop:641 - 串口連接已關閉
2025-07-17 10:04:40 [INFO] LED_Controller:stop:648 - Modbus TCP連接已關閉
2025-07-17 10:04:40 [INFO] LED_Controller:stop:662 - LED控制器模組已停止 - 總運行時間: 34545秒, 總操作次數: 11, 總錯誤次數: 4
