2025-07-17 01:03:57 [INFO] DobotMain:main:1961 - ================================================================================
2025-07-17 01:03:57 [INFO] DobotMain:main:1962 - Dobot M1Pro 新架構混合交握控制器啟動 (DR專案)
2025-07-17 01:03:57 [INFO] DobotMain:main:1963 - 運動類Flow (Flow1,2): 基地址1200-1249，狀態機交握，序列化執行
2025-07-17 01:03:57 [INFO] DobotMain:main:1964 - IO類Flow (Flow4): 地址448，專用佇列併行執行
2025-07-17 01:03:57 [INFO] DobotMain:main:1965 - 混合交握協議：確保運動安全性，提供IO操作並行能力
2025-07-17 01:03:57 [INFO] DobotMain:main:1966 - 地址衝突解決：原1100-1149 → 新1200-1249，避開CCD2模組
2025-07-17 01:03:57 [INFO] DobotMain:main:1967 - 輪詢速度優化：50ms → 10ms
2025-07-17 01:03:57 [INFO] DobotMain:main:1968 - 修正版：解決高頻logger創建導致的文件句柄洩漏問題
2025-07-17 01:03:57 [INFO] DobotMain:main:1969 - ================================================================================
2025-07-17 01:04:00 [INFO] DobotMain:main:1975 - 系統運行中，按 Ctrl+C 停止...
2025-07-17 01:04:00 [INFO] DobotMain:main:1976 - 
2025-07-17 01:04:00 [INFO] DobotMain:main:1977 - 寄存器地址映射 (DR專案修正版):
2025-07-17 01:04:00 [INFO] DobotMain:main:1978 - 運動類狀態機: 1200-1249
2025-07-17 01:04:00 [INFO] DobotMain:main:1979 -   - 運動狀態: 1200 (bit0=Ready, bit1=Running, bit2=Alarm)
2025-07-17 01:04:00 [INFO] DobotMain:main:1980 -   - 當前Flow: 1201 (1=Flow1, 2=Flow2)
2025-07-17 01:04:00 [INFO] DobotMain:main:1981 -   - Flow控制: 1240(Flow1), 1241(Flow2)
2025-07-17 01:04:00 [INFO] DobotMain:main:1982 - IO類併行控制: 448
2025-07-17 01:04:00 [INFO] DobotMain:main:1983 -   - Flow4震動投料: 448
2025-07-17 01:04:00 [INFO] DobotMain:main:1984 - 
2025-07-17 01:04:00 [INFO] DobotMain:main:1985 - DR專案特點:
2025-07-17 01:04:00 [INFO] DobotMain:main:1986 -   - 支援AutoFeeding座標交握 (940-945)
2025-07-17 01:04:00 [INFO] DobotMain:main:1987 -   - Flow1使用DR專項執行器
2025-07-17 01:04:00 [INFO] DobotMain:main:1988 -   - Flow2使用DR專項執行器
2025-07-17 01:04:00 [INFO] DobotMain:main:1989 -   - 不包含Flow3翻轉站
2025-07-17 01:04:00 [INFO] DobotMain:main:1990 -   - 不包含Flow5機械臂運轉
2025-07-17 01:04:00 [INFO] DobotMain:main:1991 -   - 輪詢間隔優化到10ms
2025-07-17 01:04:00 [INFO] DobotMain:main:1992 -   - 修正高頻logger創建問題
2025-07-17 01:04:05 [INFO] DobotMain:main:1999 - [01:04:05] 系統狀態 (DR專案-新地址1200):
2025-07-17 01:04:05 [INFO] DobotMain:main:2000 -   運動系統: 運行中
2025-07-17 01:04:05 [INFO] DobotMain:main:2001 -   當前運動Flow: 1
2025-07-17 01:04:05 [INFO] DobotMain:main:2002 -   Motion執行緒: 運行中
2025-07-17 01:04:05 [INFO] DobotMain:main:2003 -   Flow4執行緒: 運行中
2025-07-17 01:04:05 [INFO] DobotMain:main:2004 -   機械臂連接: 連接
2025-07-17 01:04:05 [INFO] DobotMain:main:2005 -   Modbus連接: 連接
2025-07-17 01:04:05 [INFO] DobotMain:main:2006 -   系統運行時間: 0.0小時
2025-07-17 01:04:10 [INFO] DobotMain:main:1999 - [01:04:10] 系統狀態 (DR專案-新地址1200):
2025-07-17 01:04:10 [INFO] DobotMain:main:2000 -   運動系統: 運行中
2025-07-17 01:04:10 [INFO] DobotMain:main:2001 -   當前運動Flow: 1
2025-07-17 01:04:10 [INFO] DobotMain:main:2002 -   Motion執行緒: 運行中
2025-07-17 01:04:10 [INFO] DobotMain:main:2003 -   Flow4執行緒: 運行中
2025-07-17 01:04:10 [INFO] DobotMain:main:2004 -   機械臂連接: 連接
2025-07-17 01:04:10 [INFO] DobotMain:main:2005 -   Modbus連接: 連接
2025-07-17 01:04:10 [INFO] DobotMain:main:2006 -   系統運行時間: 0.0小時
2025-07-17 01:04:15 [INFO] DobotMain:main:1999 - [01:04:15] 系統狀態 (DR專案-新地址1200):
2025-07-17 01:04:15 [INFO] DobotMain:main:2000 -   運動系統: 警報
2025-07-17 01:04:15 [INFO] DobotMain:main:2001 -   當前運動Flow: 0
2025-07-17 01:04:15 [INFO] DobotMain:main:2002 -   Motion執行緒: 運行中
2025-07-17 01:04:15 [INFO] DobotMain:main:2003 -   Flow4執行緒: 運行中
2025-07-17 01:04:15 [INFO] DobotMain:main:2004 -   機械臂連接: 連接
2025-07-17 01:04:15 [INFO] DobotMain:main:2005 -   Modbus連接: 連接
2025-07-17 01:04:15 [INFO] DobotMain:main:2006 -   系統運行時間: 0.0小時
2025-07-17 01:04:20 [INFO] DobotMain:main:1999 - [01:04:20] 系統狀態 (DR專案-新地址1200):
2025-07-17 01:04:20 [INFO] DobotMain:main:2000 -   運動系統: 警報
2025-07-17 01:04:20 [INFO] DobotMain:main:2001 -   當前運動Flow: 0
2025-07-17 01:04:20 [INFO] DobotMain:main:2002 -   Motion執行緒: 運行中
2025-07-17 01:04:20 [INFO] DobotMain:main:2003 -   Flow4執行緒: 運行中
2025-07-17 01:04:20 [INFO] DobotMain:main:2004 -   機械臂連接: 連接
2025-07-17 01:04:20 [INFO] DobotMain:main:2005 -   Modbus連接: 連接
2025-07-17 01:04:20 [INFO] DobotMain:main:2006 -   系統運行時間: 0.0小時
2025-07-17 01:04:25 [INFO] DobotMain:main:1999 - [01:04:25] 系統狀態 (DR專案-新地址1200):
2025-07-17 01:04:25 [INFO] DobotMain:main:2000 -   運動系統: 警報
2025-07-17 01:04:25 [INFO] DobotMain:main:2001 -   當前運動Flow: 0
2025-07-17 01:04:25 [INFO] DobotMain:main:2002 -   Motion執行緒: 運行中
2025-07-17 01:04:25 [INFO] DobotMain:main:2003 -   Flow4執行緒: 運行中
2025-07-17 01:04:25 [INFO] DobotMain:main:2004 -   機械臂連接: 連接
2025-07-17 01:04:25 [INFO] DobotMain:main:2005 -   Modbus連接: 連接
2025-07-17 01:04:25 [INFO] DobotMain:main:2006 -   系統運行時間: 0.0小時
2025-07-17 01:04:30 [INFO] DobotMain:main:1999 - [01:04:30] 系統狀態 (DR專案-新地址1200):
2025-07-17 01:04:30 [INFO] DobotMain:main:2000 -   運動系統: 警報
2025-07-17 01:04:30 [INFO] DobotMain:main:2001 -   當前運動Flow: 0
2025-07-17 01:04:30 [INFO] DobotMain:main:2002 -   Motion執行緒: 運行中
2025-07-17 01:04:30 [INFO] DobotMain:main:2003 -   Flow4執行緒: 運行中
2025-07-17 01:04:30 [INFO] DobotMain:main:2004 -   機械臂連接: 連接
2025-07-17 01:04:30 [INFO] DobotMain:main:2005 -   Modbus連接: 連接
2025-07-17 01:04:30 [INFO] DobotMain:main:2006 -   系統運行時間: 0.0小時
2025-07-17 01:04:35 [INFO] DobotMain:main:1999 - [01:04:35] 系統狀態 (DR專案-新地址1200):
2025-07-17 01:04:35 [INFO] DobotMain:main:2000 -   運動系統: 警報
2025-07-17 01:04:35 [INFO] DobotMain:main:2001 -   當前運動Flow: 0
2025-07-17 01:04:35 [INFO] DobotMain:main:2002 -   Motion執行緒: 運行中
2025-07-17 01:04:35 [INFO] DobotMain:main:2003 -   Flow4執行緒: 運行中
2025-07-17 01:04:35 [INFO] DobotMain:main:2004 -   機械臂連接: 連接
2025-07-17 01:04:35 [INFO] DobotMain:main:2005 -   Modbus連接: 連接
2025-07-17 01:04:35 [INFO] DobotMain:main:2006 -   系統運行時間: 0.0小時
2025-07-17 01:04:40 [INFO] DobotMain:main:1999 - [01:04:40] 系統狀態 (DR專案-新地址1200):
2025-07-17 01:04:40 [INFO] DobotMain:main:2000 -   運動系統: 警報
2025-07-17 01:04:40 [INFO] DobotMain:main:2001 -   當前運動Flow: 0
2025-07-17 01:04:40 [INFO] DobotMain:main:2002 -   Motion執行緒: 運行中
2025-07-17 01:04:40 [INFO] DobotMain:main:2003 -   Flow4執行緒: 運行中
2025-07-17 01:04:40 [INFO] DobotMain:main:2004 -   機械臂連接: 連接
2025-07-17 01:04:40 [INFO] DobotMain:main:2005 -   Modbus連接: 連接
2025-07-17 01:04:40 [INFO] DobotMain:main:2006 -   系統運行時間: 0.0小時
2025-07-17 01:04:45 [INFO] DobotMain:main:1999 - [01:04:45] 系統狀態 (DR專案-新地址1200):
2025-07-17 01:04:45 [INFO] DobotMain:main:2000 -   運動系統: 警報
2025-07-17 01:04:45 [INFO] DobotMain:main:2001 -   當前運動Flow: 0
2025-07-17 01:04:45 [INFO] DobotMain:main:2002 -   Motion執行緒: 運行中
2025-07-17 01:04:45 [INFO] DobotMain:main:2003 -   Flow4執行緒: 運行中
2025-07-17 01:04:45 [INFO] DobotMain:main:2004 -   機械臂連接: 連接
2025-07-17 01:04:45 [INFO] DobotMain:main:2005 -   Modbus連接: 連接
2025-07-17 01:04:45 [INFO] DobotMain:main:2006 -   系統運行時間: 0.0小時
2025-07-17 01:04:50 [INFO] DobotMain:main:1999 - [01:04:50] 系統狀態 (DR專案-新地址1200):
2025-07-17 01:04:50 [INFO] DobotMain:main:2000 -   運動系統: 警報
2025-07-17 01:04:50 [INFO] DobotMain:main:2001 -   當前運動Flow: 0
2025-07-17 01:04:50 [INFO] DobotMain:main:2002 -   Motion執行緒: 運行中
2025-07-17 01:04:50 [INFO] DobotMain:main:2003 -   Flow4執行緒: 運行中
2025-07-17 01:04:50 [INFO] DobotMain:main:2004 -   機械臂連接: 連接
2025-07-17 01:04:50 [INFO] DobotMain:main:2005 -   Modbus連接: 連接
2025-07-17 01:04:50 [INFO] DobotMain:main:2006 -   系統運行時間: 0.0小時
2025-07-17 01:04:55 [INFO] DobotMain:main:1999 - [01:04:55] 系統狀態 (DR專案-新地址1200):
2025-07-17 01:04:55 [INFO] DobotMain:main:2000 -   運動系統: 警報
2025-07-17 01:04:55 [INFO] DobotMain:main:2001 -   當前運動Flow: 0
2025-07-17 01:04:55 [INFO] DobotMain:main:2002 -   Motion執行緒: 運行中
2025-07-17 01:04:55 [INFO] DobotMain:main:2003 -   Flow4執行緒: 運行中
2025-07-17 01:04:55 [INFO] DobotMain:main:2004 -   機械臂連接: 連接
2025-07-17 01:04:55 [INFO] DobotMain:main:2005 -   Modbus連接: 連接
2025-07-17 01:04:55 [INFO] DobotMain:main:2006 -   系統運行時間: 0.0小時
2025-07-17 01:05:00 [INFO] DobotMain:main:1999 - [01:05:00] 系統狀態 (DR專案-新地址1200):
2025-07-17 01:05:00 [INFO] DobotMain:main:2000 -   運動系統: 警報
2025-07-17 01:05:00 [INFO] DobotMain:main:2001 -   當前運動Flow: 0
2025-07-17 01:05:00 [INFO] DobotMain:main:2002 -   Motion執行緒: 運行中
2025-07-17 01:05:00 [INFO] DobotMain:main:2003 -   Flow4執行緒: 運行中
2025-07-17 01:05:00 [INFO] DobotMain:main:2004 -   機械臂連接: 連接
2025-07-17 01:05:00 [INFO] DobotMain:main:2005 -   Modbus連接: 連接
2025-07-17 01:05:00 [INFO] DobotMain:main:2006 -   系統運行時間: 0.0小時
2025-07-17 01:05:05 [INFO] DobotMain:main:1999 - [01:05:05] 系統狀態 (DR專案-新地址1200):
2025-07-17 01:05:05 [INFO] DobotMain:main:2000 -   運動系統: 警報
2025-07-17 01:05:05 [INFO] DobotMain:main:2001 -   當前運動Flow: 0
2025-07-17 01:05:05 [INFO] DobotMain:main:2002 -   Motion執行緒: 運行中
2025-07-17 01:05:05 [INFO] DobotMain:main:2003 -   Flow4執行緒: 運行中
2025-07-17 01:05:05 [INFO] DobotMain:main:2004 -   機械臂連接: 連接
2025-07-17 01:05:05 [INFO] DobotMain:main:2005 -   Modbus連接: 連接
2025-07-17 01:05:05 [INFO] DobotMain:main:2006 -   系統運行時間: 0.0小時
2025-07-17 01:05:10 [INFO] DobotMain:main:1999 - [01:05:10] 系統狀態 (DR專案-新地址1200):
2025-07-17 01:05:10 [INFO] DobotMain:main:2000 -   運動系統: 警報
2025-07-17 01:05:10 [INFO] DobotMain:main:2001 -   當前運動Flow: 0
2025-07-17 01:05:10 [INFO] DobotMain:main:2002 -   Motion執行緒: 運行中
2025-07-17 01:05:10 [INFO] DobotMain:main:2003 -   Flow4執行緒: 運行中
2025-07-17 01:05:10 [INFO] DobotMain:main:2004 -   機械臂連接: 連接
2025-07-17 01:05:10 [INFO] DobotMain:main:2005 -   Modbus連接: 連接
2025-07-17 01:05:10 [INFO] DobotMain:main:2006 -   系統運行時間: 0.0小時
2025-07-17 01:05:15 [INFO] DobotMain:main:1999 - [01:05:15] 系統狀態 (DR專案-新地址1200):
2025-07-17 01:05:15 [INFO] DobotMain:main:2000 -   運動系統: 警報
2025-07-17 01:05:15 [INFO] DobotMain:main:2001 -   當前運動Flow: 0
2025-07-17 01:05:15 [INFO] DobotMain:main:2002 -   Motion執行緒: 運行中
2025-07-17 01:05:15 [INFO] DobotMain:main:2003 -   Flow4執行緒: 運行中
2025-07-17 01:05:15 [INFO] DobotMain:main:2004 -   機械臂連接: 連接
2025-07-17 01:05:15 [INFO] DobotMain:main:2005 -   Modbus連接: 連接
2025-07-17 01:05:15 [INFO] DobotMain:main:2006 -   系統運行時間: 0.0小時
2025-07-17 01:05:18 [INFO] DobotMain:main:2012 - 收到停止信號...
2025-07-17 01:05:19 [INFO] DobotMain:main:2017 - 程序結束
